Archive member included to satisfy reference by file (symbol)

c:/program files (x86)/atmel/studio/7.0/toolchain/avr8/avr8-gnu-toolchain/bin/../lib/gcc/avr/5.4.0/avr5\libgcc.a(_exit.o)
                              C:/Program Files (x86)/Atmel/Studio/7.0/Packs/atmel/ATmega_DFP/1.0.90/gcc/dev/atmega328p/avr5/crtatmega328p.o (exit)
c:/program files (x86)/atmel/studio/7.0/toolchain/avr8/avr8-gnu-toolchain/bin/../lib/gcc/avr/5.4.0/avr5\libgcc.a(_copy_data.o)
                              FreeRTOS Source/source/portable/heap_2.o (__do_copy_data)
c:/program files (x86)/atmel/studio/7.0/toolchain/avr8/avr8-gnu-toolchain/bin/../lib/gcc/avr/5.4.0/avr5\libgcc.a(_clear_bss.o)
                              FreeRTOS Source/source/croutine.o (__do_clear_bss)
c:/program files (x86)/atmel/studio/7.0/toolchain/avr8/avr8-gnu-toolchain/bin/../lib/gcc/avr/5.4.0/../../../../avr/lib/avr5\libc.a(memcpy.o)
                              FreeRTOS Source/source/queue.o (memcpy)
c:/program files (x86)/atmel/studio/7.0/toolchain/avr8/avr8-gnu-toolchain/bin/../lib/gcc/avr/5.4.0/../../../../avr/lib/avr5\libc.a(sprintf.o)
                              utils_planif.o (sprintf)
c:/program files (x86)/atmel/studio/7.0/toolchain/avr8/avr8-gnu-toolchain/bin/../lib/gcc/avr/5.4.0/../../../../avr/lib/avr5\libc.a(vfprintf_std.o)
                              c:/program files (x86)/atmel/studio/7.0/toolchain/avr8/avr8-gnu-toolchain/bin/../lib/gcc/avr/5.4.0/../../../../avr/lib/avr5\libc.a(sprintf.o) (vfprintf)
c:/program files (x86)/atmel/studio/7.0/toolchain/avr8/avr8-gnu-toolchain/bin/../lib/gcc/avr/5.4.0/../../../../avr/lib/avr5\libc.a(strnlen_P.o)
                              c:/program files (x86)/atmel/studio/7.0/toolchain/avr8/avr8-gnu-toolchain/bin/../lib/gcc/avr/5.4.0/../../../../avr/lib/avr5\libc.a(vfprintf_std.o) (strnlen_P)
c:/program files (x86)/atmel/studio/7.0/toolchain/avr8/avr8-gnu-toolchain/bin/../lib/gcc/avr/5.4.0/../../../../avr/lib/avr5\libc.a(strnlen.o)
                              c:/program files (x86)/atmel/studio/7.0/toolchain/avr8/avr8-gnu-toolchain/bin/../lib/gcc/avr/5.4.0/../../../../avr/lib/avr5\libc.a(vfprintf_std.o) (strnlen)
c:/program files (x86)/atmel/studio/7.0/toolchain/avr8/avr8-gnu-toolchain/bin/../lib/gcc/avr/5.4.0/../../../../avr/lib/avr5\libc.a(fputc.o)
                              c:/program files (x86)/atmel/studio/7.0/toolchain/avr8/avr8-gnu-toolchain/bin/../lib/gcc/avr/5.4.0/../../../../avr/lib/avr5\libc.a(vfprintf_std.o) (fputc)
c:/program files (x86)/atmel/studio/7.0/toolchain/avr8/avr8-gnu-toolchain/bin/../lib/gcc/avr/5.4.0/../../../../avr/lib/avr5\libc.a(ultoa_invert.o)
                              c:/program files (x86)/atmel/studio/7.0/toolchain/avr8/avr8-gnu-toolchain/bin/../lib/gcc/avr/5.4.0/../../../../avr/lib/avr5\libc.a(vfprintf_std.o) (__ultoa_invert)
c:/program files (x86)/atmel/studio/7.0/toolchain/avr8/avr8-gnu-toolchain/bin/../lib/gcc/avr/5.4.0/avr5\libgcc.a(_prologue.o)
                              c:/program files (x86)/atmel/studio/7.0/toolchain/avr8/avr8-gnu-toolchain/bin/../lib/gcc/avr/5.4.0/../../../../avr/lib/avr5\libc.a(sprintf.o) (__prologue_saves__)
c:/program files (x86)/atmel/studio/7.0/toolchain/avr8/avr8-gnu-toolchain/bin/../lib/gcc/avr/5.4.0/avr5\libgcc.a(_epilogue.o)
                              c:/program files (x86)/atmel/studio/7.0/toolchain/avr8/avr8-gnu-toolchain/bin/../lib/gcc/avr/5.4.0/../../../../avr/lib/avr5\libc.a(sprintf.o) (__epilogue_restores__)

Allocating common symbols
Common symbol       size              file

trama               0x10              utils_planif.o
ev                  0x8               utils_planif.o

Discarded input sections

 .data          0x00000000        0x0 C:/Program Files (x86)/Atmel/Studio/7.0/Packs/atmel/ATmega_DFP/1.0.90/gcc/dev/atmega328p/avr5/crtatmega328p.o
 .bss           0x00000000        0x0 C:/Program Files (x86)/Atmel/Studio/7.0/Packs/atmel/ATmega_DFP/1.0.90/gcc/dev/atmega328p/avr5/crtatmega328p.o
 .text          0x00000000        0x0 digital.o
 .data          0x00000000        0x0 digital.o
 .bss           0x00000000        0x0 digital.o
 .text.DigitalButtonA
                0x00000000       0x28 digital.o
 .text.DigitalButtonB
                0x00000000       0x28 digital.o
 .text.DigitalButtonC
                0x00000000       0x28 digital.o
 .text          0x00000000        0x0 FreeRTOS Source/source/croutine.o
 .data          0x00000000        0x0 FreeRTOS Source/source/croutine.o
 .bss           0x00000000        0x0 FreeRTOS Source/source/croutine.o
 .bss.pxReadyCoRoutineLists
                0x00000000       0x12 FreeRTOS Source/source/croutine.o
 .bss.xDelayedCoRoutineList1
                0x00000000        0x9 FreeRTOS Source/source/croutine.o
 .bss.xDelayedCoRoutineList2
                0x00000000        0x9 FreeRTOS Source/source/croutine.o
 .bss.pxDelayedCoRoutineList
                0x00000000        0x2 FreeRTOS Source/source/croutine.o
 .bss.pxOverflowDelayedCoRoutineList
                0x00000000        0x2 FreeRTOS Source/source/croutine.o
 .bss.xPendingReadyCoRoutineList
                0x00000000        0x9 FreeRTOS Source/source/croutine.o
 .bss.pxCurrentCoRoutine
                0x00000000        0x2 FreeRTOS Source/source/croutine.o
 .bss.uxTopCoRoutineReadyPriority
                0x00000000        0x1 FreeRTOS Source/source/croutine.o
 .bss.xCoRoutineTickCount
                0x00000000        0x2 FreeRTOS Source/source/croutine.o
 .bss.xLastTickCount
                0x00000000        0x2 FreeRTOS Source/source/croutine.o
 .bss.xPassedTicks
                0x00000000        0x2 FreeRTOS Source/source/croutine.o
 .text.xCoRoutineCreate
                0x00000000      0x138 FreeRTOS Source/source/croutine.o
 .text.vCoRoutineAddToDelayedList
                0x00000000       0xca FreeRTOS Source/source/croutine.o
 .text.prvCheckPendingReadyList
                0x00000000       0x9a FreeRTOS Source/source/croutine.o
 .text.prvCheckDelayedList
                0x00000000      0x16e FreeRTOS Source/source/croutine.o
 .text.vCoRoutineSchedule
                0x00000000      0x10a FreeRTOS Source/source/croutine.o
 .text.prvInitialiseCoRoutineLists
                0x00000000       0x74 FreeRTOS Source/source/croutine.o
 .text.xCoRoutineRemoveFromEventList
                0x00000000       0x72 FreeRTOS Source/source/croutine.o
 .debug_info    0x00000000      0x4d8 FreeRTOS Source/source/croutine.o
 .debug_abbrev  0x00000000      0x182 FreeRTOS Source/source/croutine.o
 .debug_loc     0x00000000      0x1f7 FreeRTOS Source/source/croutine.o
 .debug_aranges
                0x00000000       0x50 FreeRTOS Source/source/croutine.o
 .debug_ranges  0x00000000       0x40 FreeRTOS Source/source/croutine.o
 .debug_line    0x00000000      0x3eb FreeRTOS Source/source/croutine.o
 .debug_str     0x00000000      0x519 FreeRTOS Source/source/croutine.o
 .comment       0x00000000       0x31 FreeRTOS Source/source/croutine.o
 .debug_frame   0x00000000       0xf4 FreeRTOS Source/source/croutine.o
 .text          0x00000000        0x0 FreeRTOS Source/source/event_groups.o
 .data          0x00000000        0x0 FreeRTOS Source/source/event_groups.o
 .bss           0x00000000        0x0 FreeRTOS Source/source/event_groups.o
 .text.xEventGroupCreate
                0x00000000       0x40 FreeRTOS Source/source/event_groups.o
 .text.xEventGroupSync
                0x00000000      0x176 FreeRTOS Source/source/event_groups.o
 .text.xEventGroupWaitBits
                0x00000000      0x18c FreeRTOS Source/source/event_groups.o
 .text.xEventGroupClearBits
                0x00000000       0x72 FreeRTOS Source/source/event_groups.o
 .text.xEventGroupGetBitsFromISR
                0x00000000       0x46 FreeRTOS Source/source/event_groups.o
 .text.xEventGroupSetBits
                0x00000000      0x17a FreeRTOS Source/source/event_groups.o
 .text.vEventGroupDelete
                0x00000000       0x68 FreeRTOS Source/source/event_groups.o
 .text.vEventGroupSetBitsCallback
                0x00000000       0x3c FreeRTOS Source/source/event_groups.o
 .text.vEventGroupClearBitsCallback
                0x00000000       0x3c FreeRTOS Source/source/event_groups.o
 .text.prvTestWaitCondition
                0x00000000       0x64 FreeRTOS Source/source/event_groups.o
 .debug_info    0x00000000      0x64b FreeRTOS Source/source/event_groups.o
 .debug_abbrev  0x00000000      0x139 FreeRTOS Source/source/event_groups.o
 .debug_loc     0x00000000      0x2e5 FreeRTOS Source/source/event_groups.o
 .debug_aranges
                0x00000000       0x68 FreeRTOS Source/source/event_groups.o
 .debug_ranges  0x00000000       0x58 FreeRTOS Source/source/event_groups.o
 .debug_line    0x00000000      0x4aa FreeRTOS Source/source/event_groups.o
 .debug_str     0x00000000      0x528 FreeRTOS Source/source/event_groups.o
 .comment       0x00000000       0x31 FreeRTOS Source/source/event_groups.o
 .debug_frame   0x00000000      0x160 FreeRTOS Source/source/event_groups.o
 .text          0x00000000        0x0 FreeRTOS Source/source/list.o
 .data          0x00000000        0x0 FreeRTOS Source/source/list.o
 .bss           0x00000000        0x0 FreeRTOS Source/source/list.o
 .text          0x00000000        0x0 FreeRTOS Source/source/portable/heap_2.o
 .data          0x00000000        0x0 FreeRTOS Source/source/portable/heap_2.o
 .bss           0x00000000        0x0 FreeRTOS Source/source/portable/heap_2.o
 .rodata.heapSTRUCT_SIZE
                0x00000000        0x2 FreeRTOS Source/source/portable/heap_2.o
 .text.xPortGetFreeHeapSize
                0x00000000       0x16 FreeRTOS Source/source/portable/heap_2.o
 .text.vPortInitialiseBlocks
                0x00000000       0x10 FreeRTOS Source/source/portable/heap_2.o
 .text          0x00000000        0x0 FreeRTOS Source/source/portable/port.o
 .data          0x00000000        0x0 FreeRTOS Source/source/portable/port.o
 .bss           0x00000000        0x0 FreeRTOS Source/source/portable/port.o
 .text.vPortEndScheduler
                0x00000000       0x10 FreeRTOS Source/source/portable/port.o
 .text          0x00000000        0x0 FreeRTOS Source/source/queue.o
 .data          0x00000000        0x0 FreeRTOS Source/source/queue.o
 .bss           0x00000000        0x0 FreeRTOS Source/source/queue.o
 .text.xQueueGenericReset
                0x00000000      0x128 FreeRTOS Source/source/queue.o
 .text.xQueueGenericCreate
                0x00000000       0x98 FreeRTOS Source/source/queue.o
 .text.prvInitialiseNewQueue
                0x00000000       0x80 FreeRTOS Source/source/queue.o
 .text.xQueueGenericSend
                0x00000000      0x162 FreeRTOS Source/source/queue.o
 .text.xQueueGenericSendFromISR
                0x00000000       0xbe FreeRTOS Source/source/queue.o
 .text.xQueueGiveFromISR
                0x00000000       0xb4 FreeRTOS Source/source/queue.o
 .text.xQueueGenericReceive
                0x00000000      0x1a8 FreeRTOS Source/source/queue.o
 .text.xQueueReceiveFromISR
                0x00000000       0xbe FreeRTOS Source/source/queue.o
 .text.xQueuePeekFromISR
                0x00000000       0x78 FreeRTOS Source/source/queue.o
 .text.uxQueueMessagesWaiting
                0x00000000       0x32 FreeRTOS Source/source/queue.o
 .text.uxQueueSpacesAvailable
                0x00000000       0x4e FreeRTOS Source/source/queue.o
 .text.uxQueueMessagesWaitingFromISR
                0x00000000       0x28 FreeRTOS Source/source/queue.o
 .text.vQueueDelete
                0x00000000       0x30 FreeRTOS Source/source/queue.o
 .text.prvCopyDataToQueue
                0x00000000      0x176 FreeRTOS Source/source/queue.o
 .text.prvCopyDataFromQueue
                0x00000000       0xa2 FreeRTOS Source/source/queue.o
 .text.prvUnlockQueue
                0x00000000       0xbc FreeRTOS Source/source/queue.o
 .text.prvIsQueueEmpty
                0x00000000       0x3c FreeRTOS Source/source/queue.o
 .text.xQueueIsQueueEmptyFromISR
                0x00000000       0x32 FreeRTOS Source/source/queue.o
 .text.prvIsQueueFull
                0x00000000       0x44 FreeRTOS Source/source/queue.o
 .text.xQueueIsQueueFullFromISR
                0x00000000       0x3a FreeRTOS Source/source/queue.o
 .text.xQueueCRSend
                0x00000000       0xc2 FreeRTOS Source/source/queue.o
 .text.xQueueCRReceive
                0x00000000      0x132 FreeRTOS Source/source/queue.o
 .text.xQueueCRSendFromISR
                0x00000000       0x82 FreeRTOS Source/source/queue.o
 .text.xQueueCRReceiveFromISR
                0x00000000      0x108 FreeRTOS Source/source/queue.o
 .debug_info    0x00000000      0xc97 FreeRTOS Source/source/queue.o
 .debug_abbrev  0x00000000      0x18d FreeRTOS Source/source/queue.o
 .debug_loc     0x00000000      0x6e7 FreeRTOS Source/source/queue.o
 .debug_aranges
                0x00000000       0xd8 FreeRTOS Source/source/queue.o
 .debug_ranges  0x00000000       0xc8 FreeRTOS Source/source/queue.o
 .debug_line    0x00000000      0xb03 FreeRTOS Source/source/queue.o
 .debug_str     0x00000000      0x6b8 FreeRTOS Source/source/queue.o
 .comment       0x00000000       0x31 FreeRTOS Source/source/queue.o
 .debug_frame   0x00000000      0x32c FreeRTOS Source/source/queue.o
 .text          0x00000000        0x0 FreeRTOS Source/source/tasks.o
 .data          0x00000000        0x0 FreeRTOS Source/source/tasks.o
 .bss           0x00000000        0x0 FreeRTOS Source/source/tasks.o
 .text.vTaskDelay
                0x00000000       0x46 FreeRTOS Source/source/tasks.o
 .text.vTaskEndScheduler
                0x00000000       0x1a FreeRTOS Source/source/tasks.o
 .text.xTaskGetTickCountFromISR
                0x00000000       0x2a FreeRTOS Source/source/tasks.o
 .text.uxTaskGetNumberOfTasks
                0x00000000       0x12 FreeRTOS Source/source/tasks.o
 .text.pcTaskGetName
                0x00000000       0x3e FreeRTOS Source/source/tasks.o
 .text.xTaskGetApplicationTaskTag
                0x00000000       0x5e FreeRTOS Source/source/tasks.o
 .text.xTaskCallApplicationTaskHook
                0x00000000       0x74 FreeRTOS Source/source/tasks.o
 .text.vTaskPlaceOnEventList
                0x00000000       0x46 FreeRTOS Source/source/tasks.o
 .text.vTaskPlaceOnUnorderedEventList
                0x00000000       0x64 FreeRTOS Source/source/tasks.o
 .text.xTaskRemoveFromEventList
                0x00000000       0xda FreeRTOS Source/source/tasks.o
 .text.xTaskRemoveFromUnorderedEventList
                0x00000000       0xd6 FreeRTOS Source/source/tasks.o
 .text.vTaskSetTimeOutState
                0x00000000       0x38 FreeRTOS Source/source/tasks.o
 .text.xTaskCheckForTimeOut
                0x00000000       0xd0 FreeRTOS Source/source/tasks.o
 .text.vTaskMissedYield
                0x00000000       0x16 FreeRTOS Source/source/tasks.o
 .text.uxTaskResetEventItemValue
                0x00000000       0x54 FreeRTOS Source/source/tasks.o
 .text.ulTaskNotifyTake
                0x00000000       0xfa FreeRTOS Source/source/tasks.o
 .text.xTaskNotifyWait
                0x00000000      0x14c FreeRTOS Source/source/tasks.o
 .text.xTaskGenericNotify
                0x00000000      0x1c2 FreeRTOS Source/source/tasks.o
 .text.xTaskGenericNotifyFromISR
                0x00000000      0x1f8 FreeRTOS Source/source/tasks.o
 .text.vTaskNotifyGiveFromISR
                0x00000000      0x11c FreeRTOS Source/source/tasks.o
 .text.xTaskNotifyStateClear
                0x00000000       0x64 FreeRTOS Source/source/tasks.o
 .text          0x00000000        0x0 FreeRTOS Source/source/timers.o
 .data          0x00000000        0x0 FreeRTOS Source/source/timers.o
 .bss           0x00000000        0x0 FreeRTOS Source/source/timers.o
 .debug_info    0x00000000       0x64 FreeRTOS Source/source/timers.o
 .debug_abbrev  0x00000000       0x26 FreeRTOS Source/source/timers.o
 .debug_aranges
                0x00000000       0x18 FreeRTOS Source/source/timers.o
 .debug_line    0x00000000       0x1a FreeRTOS Source/source/timers.o
 .debug_str     0x00000000      0x1b8 FreeRTOS Source/source/timers.o
 .comment       0x00000000       0x31 FreeRTOS Source/source/timers.o
 .text          0x00000000        0x0 main.o
 .data          0x00000000        0x0 main.o
 .bss           0x00000000        0x0 main.o
 .text          0x00000000        0x0 rs232atmega.o
 .data          0x00000000        0x0 rs232atmega.o
 .bss           0x00000000        0x0 rs232atmega.o
 .text.RS232_Finish
                0x00000000       0x1e rs232atmega.o
 .text.RS232_Read
                0x00000000       0x60 rs232atmega.o
 .text.RS232_SendNoEnd
                0x00000000       0x9a rs232atmega.o
 .text          0x00000000        0x0 sram.o
 .data          0x00000000        0x0 sram.o
 .bss           0x00000000        0x0 sram.o
 .text.SRAMsendinstr
                0x00000000       0xfe sram.o
 .text          0x00000000        0x0 utils_planif.o
 .data          0x00000000        0x0 utils_planif.o
 .bss           0x00000000        0x0 utils_planif.o
 .text          0x00000000        0x0 c:/program files (x86)/atmel/studio/7.0/toolchain/avr8/avr8-gnu-toolchain/bin/../lib/gcc/avr/5.4.0/avr5\libgcc.a(_exit.o)
 .data          0x00000000        0x0 c:/program files (x86)/atmel/studio/7.0/toolchain/avr8/avr8-gnu-toolchain/bin/../lib/gcc/avr/5.4.0/avr5\libgcc.a(_exit.o)
 .bss           0x00000000        0x0 c:/program files (x86)/atmel/studio/7.0/toolchain/avr8/avr8-gnu-toolchain/bin/../lib/gcc/avr/5.4.0/avr5\libgcc.a(_exit.o)
 .text.libgcc.mul
                0x00000000        0x0 c:/program files (x86)/atmel/studio/7.0/toolchain/avr8/avr8-gnu-toolchain/bin/../lib/gcc/avr/5.4.0/avr5\libgcc.a(_exit.o)
 .text.libgcc.div
                0x00000000        0x0 c:/program files (x86)/atmel/studio/7.0/toolchain/avr8/avr8-gnu-toolchain/bin/../lib/gcc/avr/5.4.0/avr5\libgcc.a(_exit.o)
 .text.libgcc   0x00000000        0x0 c:/program files (x86)/atmel/studio/7.0/toolchain/avr8/avr8-gnu-toolchain/bin/../lib/gcc/avr/5.4.0/avr5\libgcc.a(_exit.o)
 .text.libgcc.prologue
                0x00000000        0x0 c:/program files (x86)/atmel/studio/7.0/toolchain/avr8/avr8-gnu-toolchain/bin/../lib/gcc/avr/5.4.0/avr5\libgcc.a(_exit.o)
 .text.libgcc.builtins
                0x00000000        0x0 c:/program files (x86)/atmel/studio/7.0/toolchain/avr8/avr8-gnu-toolchain/bin/../lib/gcc/avr/5.4.0/avr5\libgcc.a(_exit.o)
 .text.libgcc.fmul
                0x00000000        0x0 c:/program files (x86)/atmel/studio/7.0/toolchain/avr8/avr8-gnu-toolchain/bin/../lib/gcc/avr/5.4.0/avr5\libgcc.a(_exit.o)
 .text.libgcc.fixed
                0x00000000        0x0 c:/program files (x86)/atmel/studio/7.0/toolchain/avr8/avr8-gnu-toolchain/bin/../lib/gcc/avr/5.4.0/avr5\libgcc.a(_exit.o)
 .text          0x00000000        0x0 c:/program files (x86)/atmel/studio/7.0/toolchain/avr8/avr8-gnu-toolchain/bin/../lib/gcc/avr/5.4.0/avr5\libgcc.a(_copy_data.o)
 .data          0x00000000        0x0 c:/program files (x86)/atmel/studio/7.0/toolchain/avr8/avr8-gnu-toolchain/bin/../lib/gcc/avr/5.4.0/avr5\libgcc.a(_copy_data.o)
 .bss           0x00000000        0x0 c:/program files (x86)/atmel/studio/7.0/toolchain/avr8/avr8-gnu-toolchain/bin/../lib/gcc/avr/5.4.0/avr5\libgcc.a(_copy_data.o)
 .text.libgcc.mul
                0x00000000        0x0 c:/program files (x86)/atmel/studio/7.0/toolchain/avr8/avr8-gnu-toolchain/bin/../lib/gcc/avr/5.4.0/avr5\libgcc.a(_copy_data.o)
 .text.libgcc.div
                0x00000000        0x0 c:/program files (x86)/atmel/studio/7.0/toolchain/avr8/avr8-gnu-toolchain/bin/../lib/gcc/avr/5.4.0/avr5\libgcc.a(_copy_data.o)
 .text.libgcc   0x00000000        0x0 c:/program files (x86)/atmel/studio/7.0/toolchain/avr8/avr8-gnu-toolchain/bin/../lib/gcc/avr/5.4.0/avr5\libgcc.a(_copy_data.o)
 .text.libgcc.prologue
                0x00000000        0x0 c:/program files (x86)/atmel/studio/7.0/toolchain/avr8/avr8-gnu-toolchain/bin/../lib/gcc/avr/5.4.0/avr5\libgcc.a(_copy_data.o)
 .text.libgcc.builtins
                0x00000000        0x0 c:/program files (x86)/atmel/studio/7.0/toolchain/avr8/avr8-gnu-toolchain/bin/../lib/gcc/avr/5.4.0/avr5\libgcc.a(_copy_data.o)
 .text.libgcc.fmul
                0x00000000        0x0 c:/program files (x86)/atmel/studio/7.0/toolchain/avr8/avr8-gnu-toolchain/bin/../lib/gcc/avr/5.4.0/avr5\libgcc.a(_copy_data.o)
 .text.libgcc.fixed
                0x00000000        0x0 c:/program files (x86)/atmel/studio/7.0/toolchain/avr8/avr8-gnu-toolchain/bin/../lib/gcc/avr/5.4.0/avr5\libgcc.a(_copy_data.o)
 .text          0x00000000        0x0 c:/program files (x86)/atmel/studio/7.0/toolchain/avr8/avr8-gnu-toolchain/bin/../lib/gcc/avr/5.4.0/avr5\libgcc.a(_clear_bss.o)
 .data          0x00000000        0x0 c:/program files (x86)/atmel/studio/7.0/toolchain/avr8/avr8-gnu-toolchain/bin/../lib/gcc/avr/5.4.0/avr5\libgcc.a(_clear_bss.o)
 .bss           0x00000000        0x0 c:/program files (x86)/atmel/studio/7.0/toolchain/avr8/avr8-gnu-toolchain/bin/../lib/gcc/avr/5.4.0/avr5\libgcc.a(_clear_bss.o)
 .text.libgcc.mul
                0x00000000        0x0 c:/program files (x86)/atmel/studio/7.0/toolchain/avr8/avr8-gnu-toolchain/bin/../lib/gcc/avr/5.4.0/avr5\libgcc.a(_clear_bss.o)
 .text.libgcc.div
                0x00000000        0x0 c:/program files (x86)/atmel/studio/7.0/toolchain/avr8/avr8-gnu-toolchain/bin/../lib/gcc/avr/5.4.0/avr5\libgcc.a(_clear_bss.o)
 .text.libgcc   0x00000000        0x0 c:/program files (x86)/atmel/studio/7.0/toolchain/avr8/avr8-gnu-toolchain/bin/../lib/gcc/avr/5.4.0/avr5\libgcc.a(_clear_bss.o)
 .text.libgcc.prologue
                0x00000000        0x0 c:/program files (x86)/atmel/studio/7.0/toolchain/avr8/avr8-gnu-toolchain/bin/../lib/gcc/avr/5.4.0/avr5\libgcc.a(_clear_bss.o)
 .text.libgcc.builtins
                0x00000000        0x0 c:/program files (x86)/atmel/studio/7.0/toolchain/avr8/avr8-gnu-toolchain/bin/../lib/gcc/avr/5.4.0/avr5\libgcc.a(_clear_bss.o)
 .text.libgcc.fmul
                0x00000000        0x0 c:/program files (x86)/atmel/studio/7.0/toolchain/avr8/avr8-gnu-toolchain/bin/../lib/gcc/avr/5.4.0/avr5\libgcc.a(_clear_bss.o)
 .text.libgcc.fixed
                0x00000000        0x0 c:/program files (x86)/atmel/studio/7.0/toolchain/avr8/avr8-gnu-toolchain/bin/../lib/gcc/avr/5.4.0/avr5\libgcc.a(_clear_bss.o)
 .text          0x00000000        0x0 c:/program files (x86)/atmel/studio/7.0/toolchain/avr8/avr8-gnu-toolchain/bin/../lib/gcc/avr/5.4.0/../../../../avr/lib/avr5\libc.a(memcpy.o)
 .data          0x00000000        0x0 c:/program files (x86)/atmel/studio/7.0/toolchain/avr8/avr8-gnu-toolchain/bin/../lib/gcc/avr/5.4.0/../../../../avr/lib/avr5\libc.a(memcpy.o)
 .bss           0x00000000        0x0 c:/program files (x86)/atmel/studio/7.0/toolchain/avr8/avr8-gnu-toolchain/bin/../lib/gcc/avr/5.4.0/../../../../avr/lib/avr5\libc.a(memcpy.o)
 .text.avr-libc
                0x00000000       0x12 c:/program files (x86)/atmel/studio/7.0/toolchain/avr8/avr8-gnu-toolchain/bin/../lib/gcc/avr/5.4.0/../../../../avr/lib/avr5\libc.a(memcpy.o)
 .text          0x00000000        0x0 c:/program files (x86)/atmel/studio/7.0/toolchain/avr8/avr8-gnu-toolchain/bin/../lib/gcc/avr/5.4.0/../../../../avr/lib/avr5\libc.a(sprintf.o)
 .data          0x00000000        0x0 c:/program files (x86)/atmel/studio/7.0/toolchain/avr8/avr8-gnu-toolchain/bin/../lib/gcc/avr/5.4.0/../../../../avr/lib/avr5\libc.a(sprintf.o)
 .bss           0x00000000        0x0 c:/program files (x86)/atmel/studio/7.0/toolchain/avr8/avr8-gnu-toolchain/bin/../lib/gcc/avr/5.4.0/../../../../avr/lib/avr5\libc.a(sprintf.o)
 .text          0x00000000        0x0 c:/program files (x86)/atmel/studio/7.0/toolchain/avr8/avr8-gnu-toolchain/bin/../lib/gcc/avr/5.4.0/../../../../avr/lib/avr5\libc.a(vfprintf_std.o)
 .data          0x00000000        0x0 c:/program files (x86)/atmel/studio/7.0/toolchain/avr8/avr8-gnu-toolchain/bin/../lib/gcc/avr/5.4.0/../../../../avr/lib/avr5\libc.a(vfprintf_std.o)
 .bss           0x00000000        0x0 c:/program files (x86)/atmel/studio/7.0/toolchain/avr8/avr8-gnu-toolchain/bin/../lib/gcc/avr/5.4.0/../../../../avr/lib/avr5\libc.a(vfprintf_std.o)
 .text          0x00000000        0x0 c:/program files (x86)/atmel/studio/7.0/toolchain/avr8/avr8-gnu-toolchain/bin/../lib/gcc/avr/5.4.0/../../../../avr/lib/avr5\libc.a(strnlen_P.o)
 .data          0x00000000        0x0 c:/program files (x86)/atmel/studio/7.0/toolchain/avr8/avr8-gnu-toolchain/bin/../lib/gcc/avr/5.4.0/../../../../avr/lib/avr5\libc.a(strnlen_P.o)
 .bss           0x00000000        0x0 c:/program files (x86)/atmel/studio/7.0/toolchain/avr8/avr8-gnu-toolchain/bin/../lib/gcc/avr/5.4.0/../../../../avr/lib/avr5\libc.a(strnlen_P.o)
 .text          0x00000000        0x0 c:/program files (x86)/atmel/studio/7.0/toolchain/avr8/avr8-gnu-toolchain/bin/../lib/gcc/avr/5.4.0/../../../../avr/lib/avr5\libc.a(strnlen.o)
 .data          0x00000000        0x0 c:/program files (x86)/atmel/studio/7.0/toolchain/avr8/avr8-gnu-toolchain/bin/../lib/gcc/avr/5.4.0/../../../../avr/lib/avr5\libc.a(strnlen.o)
 .bss           0x00000000        0x0 c:/program files (x86)/atmel/studio/7.0/toolchain/avr8/avr8-gnu-toolchain/bin/../lib/gcc/avr/5.4.0/../../../../avr/lib/avr5\libc.a(strnlen.o)
 .text          0x00000000        0x0 c:/program files (x86)/atmel/studio/7.0/toolchain/avr8/avr8-gnu-toolchain/bin/../lib/gcc/avr/5.4.0/../../../../avr/lib/avr5\libc.a(fputc.o)
 .data          0x00000000        0x0 c:/program files (x86)/atmel/studio/7.0/toolchain/avr8/avr8-gnu-toolchain/bin/../lib/gcc/avr/5.4.0/../../../../avr/lib/avr5\libc.a(fputc.o)
 .bss           0x00000000        0x0 c:/program files (x86)/atmel/studio/7.0/toolchain/avr8/avr8-gnu-toolchain/bin/../lib/gcc/avr/5.4.0/../../../../avr/lib/avr5\libc.a(fputc.o)
 .text          0x00000000        0x0 c:/program files (x86)/atmel/studio/7.0/toolchain/avr8/avr8-gnu-toolchain/bin/../lib/gcc/avr/5.4.0/../../../../avr/lib/avr5\libc.a(ultoa_invert.o)
 .data          0x00000000        0x0 c:/program files (x86)/atmel/studio/7.0/toolchain/avr8/avr8-gnu-toolchain/bin/../lib/gcc/avr/5.4.0/../../../../avr/lib/avr5\libc.a(ultoa_invert.o)
 .bss           0x00000000        0x0 c:/program files (x86)/atmel/studio/7.0/toolchain/avr8/avr8-gnu-toolchain/bin/../lib/gcc/avr/5.4.0/../../../../avr/lib/avr5\libc.a(ultoa_invert.o)
 .text          0x00000000        0x0 c:/program files (x86)/atmel/studio/7.0/toolchain/avr8/avr8-gnu-toolchain/bin/../lib/gcc/avr/5.4.0/avr5\libgcc.a(_prologue.o)
 .data          0x00000000        0x0 c:/program files (x86)/atmel/studio/7.0/toolchain/avr8/avr8-gnu-toolchain/bin/../lib/gcc/avr/5.4.0/avr5\libgcc.a(_prologue.o)
 .bss           0x00000000        0x0 c:/program files (x86)/atmel/studio/7.0/toolchain/avr8/avr8-gnu-toolchain/bin/../lib/gcc/avr/5.4.0/avr5\libgcc.a(_prologue.o)
 .text.libgcc.mul
                0x00000000        0x0 c:/program files (x86)/atmel/studio/7.0/toolchain/avr8/avr8-gnu-toolchain/bin/../lib/gcc/avr/5.4.0/avr5\libgcc.a(_prologue.o)
 .text.libgcc.div
                0x00000000        0x0 c:/program files (x86)/atmel/studio/7.0/toolchain/avr8/avr8-gnu-toolchain/bin/../lib/gcc/avr/5.4.0/avr5\libgcc.a(_prologue.o)
 .text.libgcc   0x00000000        0x0 c:/program files (x86)/atmel/studio/7.0/toolchain/avr8/avr8-gnu-toolchain/bin/../lib/gcc/avr/5.4.0/avr5\libgcc.a(_prologue.o)
 .text.libgcc.builtins
                0x00000000        0x0 c:/program files (x86)/atmel/studio/7.0/toolchain/avr8/avr8-gnu-toolchain/bin/../lib/gcc/avr/5.4.0/avr5\libgcc.a(_prologue.o)
 .text.libgcc.fmul
                0x00000000        0x0 c:/program files (x86)/atmel/studio/7.0/toolchain/avr8/avr8-gnu-toolchain/bin/../lib/gcc/avr/5.4.0/avr5\libgcc.a(_prologue.o)
 .text.libgcc.fixed
                0x00000000        0x0 c:/program files (x86)/atmel/studio/7.0/toolchain/avr8/avr8-gnu-toolchain/bin/../lib/gcc/avr/5.4.0/avr5\libgcc.a(_prologue.o)
 .text          0x00000000        0x0 c:/program files (x86)/atmel/studio/7.0/toolchain/avr8/avr8-gnu-toolchain/bin/../lib/gcc/avr/5.4.0/avr5\libgcc.a(_epilogue.o)
 .data          0x00000000        0x0 c:/program files (x86)/atmel/studio/7.0/toolchain/avr8/avr8-gnu-toolchain/bin/../lib/gcc/avr/5.4.0/avr5\libgcc.a(_epilogue.o)
 .bss           0x00000000        0x0 c:/program files (x86)/atmel/studio/7.0/toolchain/avr8/avr8-gnu-toolchain/bin/../lib/gcc/avr/5.4.0/avr5\libgcc.a(_epilogue.o)
 .text.libgcc.mul
                0x00000000        0x0 c:/program files (x86)/atmel/studio/7.0/toolchain/avr8/avr8-gnu-toolchain/bin/../lib/gcc/avr/5.4.0/avr5\libgcc.a(_epilogue.o)
 .text.libgcc.div
                0x00000000        0x0 c:/program files (x86)/atmel/studio/7.0/toolchain/avr8/avr8-gnu-toolchain/bin/../lib/gcc/avr/5.4.0/avr5\libgcc.a(_epilogue.o)
 .text.libgcc   0x00000000        0x0 c:/program files (x86)/atmel/studio/7.0/toolchain/avr8/avr8-gnu-toolchain/bin/../lib/gcc/avr/5.4.0/avr5\libgcc.a(_epilogue.o)
 .text.libgcc.builtins
                0x00000000        0x0 c:/program files (x86)/atmel/studio/7.0/toolchain/avr8/avr8-gnu-toolchain/bin/../lib/gcc/avr/5.4.0/avr5\libgcc.a(_epilogue.o)
 .text.libgcc.fmul
                0x00000000        0x0 c:/program files (x86)/atmel/studio/7.0/toolchain/avr8/avr8-gnu-toolchain/bin/../lib/gcc/avr/5.4.0/avr5\libgcc.a(_epilogue.o)
 .text.libgcc.fixed
                0x00000000        0x0 c:/program files (x86)/atmel/studio/7.0/toolchain/avr8/avr8-gnu-toolchain/bin/../lib/gcc/avr/5.4.0/avr5\libgcc.a(_epilogue.o)

Memory Configuration

Name             Origin             Length             Attributes
text             0x00000000         0x00020000         xr
data             0x00800060         0x0000ffa0         rw !x
eeprom           0x00810000         0x00010000         rw !x
fuse             0x00820000         0x00000400         rw !x
lock             0x00830000         0x00000400         rw !x
signature        0x00840000         0x00000400         rw !x
user_signatures  0x00850000         0x00000400         rw !x
*default*        0x00000000         0xffffffff

Linker script and memory map

Address of section .data set to 0x800100
LOAD C:/Program Files (x86)/Atmel/Studio/7.0/Packs/atmel/ATmega_DFP/1.0.90/gcc/dev/atmega328p/avr5/crtatmega328p.o
LOAD digital.o
LOAD FreeRTOS Source/source/croutine.o
LOAD FreeRTOS Source/source/event_groups.o
LOAD FreeRTOS Source/source/list.o
LOAD FreeRTOS Source/source/portable/heap_2.o
LOAD FreeRTOS Source/source/portable/port.o
LOAD FreeRTOS Source/source/queue.o
LOAD FreeRTOS Source/source/tasks.o
LOAD FreeRTOS Source/source/timers.o
LOAD main.o
LOAD rs232atmega.o
LOAD sram.o
LOAD utils_planif.o
START GROUP
LOAD c:/program files (x86)/atmel/studio/7.0/toolchain/avr8/avr8-gnu-toolchain/bin/../lib/gcc/avr/5.4.0/../../../../avr/lib/avr5\libm.a
END GROUP
START GROUP
LOAD c:/program files (x86)/atmel/studio/7.0/toolchain/avr8/avr8-gnu-toolchain/bin/../lib/gcc/avr/5.4.0/avr5\libgcc.a
LOAD c:/program files (x86)/atmel/studio/7.0/toolchain/avr8/avr8-gnu-toolchain/bin/../lib/gcc/avr/5.4.0/../../../../avr/lib/avr5\libm.a
LOAD c:/program files (x86)/atmel/studio/7.0/toolchain/avr8/avr8-gnu-toolchain/bin/../lib/gcc/avr/5.4.0/../../../../avr/lib/avr5\libc.a
LOAD C:/Program Files (x86)/Atmel/Studio/7.0/Packs/atmel/ATmega_DFP/1.0.90/gcc/dev/atmega328p/avr5\libatmega328p.a
END GROUP
                0x00000000                __TEXT_REGION_ORIGIN__ = DEFINED (__TEXT_REGION_ORIGIN__)?__TEXT_REGION_ORIGIN__:0x0
                0x00800060                __DATA_REGION_ORIGIN__ = DEFINED (__DATA_REGION_ORIGIN__)?__DATA_REGION_ORIGIN__:0x800060
                0x00020000                __TEXT_REGION_LENGTH__ = DEFINED (__TEXT_REGION_LENGTH__)?__TEXT_REGION_LENGTH__:0x20000
                0x0000ffa0                __DATA_REGION_LENGTH__ = DEFINED (__DATA_REGION_LENGTH__)?__DATA_REGION_LENGTH__:0xffa0
                0x00010000                __EEPROM_REGION_LENGTH__ = DEFINED (__EEPROM_REGION_LENGTH__)?__EEPROM_REGION_LENGTH__:0x10000
                0x00000400                __FUSE_REGION_LENGTH__ = DEFINED (__FUSE_REGION_LENGTH__)?__FUSE_REGION_LENGTH__:0x400
                0x00000400                __LOCK_REGION_LENGTH__ = DEFINED (__LOCK_REGION_LENGTH__)?__LOCK_REGION_LENGTH__:0x400
                0x00000400                __SIGNATURE_REGION_LENGTH__ = DEFINED (__SIGNATURE_REGION_LENGTH__)?__SIGNATURE_REGION_LENGTH__:0x400
                0x00000400                __USER_SIGNATURE_REGION_LENGTH__ = DEFINED (__USER_SIGNATURE_REGION_LENGTH__)?__USER_SIGNATURE_REGION_LENGTH__:0x400

.hash
 *(.hash)

.dynsym
 *(.dynsym)

.dynstr
 *(.dynstr)

.gnu.version
 *(.gnu.version)

.gnu.version_d
 *(.gnu.version_d)

.gnu.version_r
 *(.gnu.version_r)

.rel.init
 *(.rel.init)

.rela.init
 *(.rela.init)

.rel.text
 *(.rel.text)
 *(.rel.text.*)
 *(.rel.gnu.linkonce.t*)

.rela.text
 *(.rela.text)
 *(.rela.text.*)
 *(.rela.gnu.linkonce.t*)

.rel.fini
 *(.rel.fini)

.rela.fini
 *(.rela.fini)

.rel.rodata
 *(.rel.rodata)
 *(.rel.rodata.*)
 *(.rel.gnu.linkonce.r*)

.rela.rodata
 *(.rela.rodata)
 *(.rela.rodata.*)
 *(.rela.gnu.linkonce.r*)

.rel.data
 *(.rel.data)
 *(.rel.data.*)
 *(.rel.gnu.linkonce.d*)

.rela.data
 *(.rela.data)
 *(.rela.data.*)
 *(.rela.gnu.linkonce.d*)

.rel.ctors
 *(.rel.ctors)

.rela.ctors
 *(.rela.ctors)

.rel.dtors
 *(.rel.dtors)

.rela.dtors
 *(.rela.dtors)

.rel.got
 *(.rel.got)

.rela.got
 *(.rela.got)

.rel.bss
 *(.rel.bss)

.rela.bss
 *(.rela.bss)

.rel.plt
 *(.rel.plt)

.rela.plt
 *(.rela.plt)

.text           0x00000000     0x2b28
 *(.vectors)
 .vectors       0x00000000       0x68 C:/Program Files (x86)/Atmel/Studio/7.0/Packs/atmel/ATmega_DFP/1.0.90/gcc/dev/atmega328p/avr5/crtatmega328p.o
                0x00000000                __vector_default
                0x00000000                __vectors
 *(.vectors)
 *(.progmem.gcc*)
                0x00000068                . = ALIGN (0x2)
                0x00000068                __trampolines_start = .
 *(.trampolines)
 .trampolines   0x00000068        0x0 linker stubs
 *(.trampolines*)
                0x00000068                __trampolines_end = .
 *libprintf_flt.a:*(.progmem.data)
 *libc.a:*(.progmem.data)
 *(.progmem*)
                0x00000068                . = ALIGN (0x2)
 *(.jumptables)
 *(.jumptables*)
 *(.lowtext)
 *(.lowtext*)
                0x00000068                __ctors_start = .
 *(.ctors)
                0x00000068                __ctors_end = .
                0x00000068                __dtors_start = .
 *(.dtors)
                0x00000068                __dtors_end = .
 SORT(*)(.ctors)
 SORT(*)(.dtors)
 *(.init0)
 .init0         0x00000068        0x0 C:/Program Files (x86)/Atmel/Studio/7.0/Packs/atmel/ATmega_DFP/1.0.90/gcc/dev/atmega328p/avr5/crtatmega328p.o
                0x00000068                __init
 *(.init0)
 *(.init1)
 *(.init1)
 *(.init2)
 .init2         0x00000068        0xc C:/Program Files (x86)/Atmel/Studio/7.0/Packs/atmel/ATmega_DFP/1.0.90/gcc/dev/atmega328p/avr5/crtatmega328p.o
 *(.init2)
 *(.init3)
 *(.init3)
 *(.init4)
 .init4         0x00000074       0x16 c:/program files (x86)/atmel/studio/7.0/toolchain/avr8/avr8-gnu-toolchain/bin/../lib/gcc/avr/5.4.0/avr5\libgcc.a(_copy_data.o)
                0x00000074                __do_copy_data
 .init4         0x0000008a       0x10 c:/program files (x86)/atmel/studio/7.0/toolchain/avr8/avr8-gnu-toolchain/bin/../lib/gcc/avr/5.4.0/avr5\libgcc.a(_clear_bss.o)
                0x0000008a                __do_clear_bss
 *(.init4)
 *(.init5)
 *(.init5)
 *(.init6)
 *(.init6)
 *(.init7)
 *(.init7)
 *(.init8)
 *(.init8)
 *(.init9)
 .init9         0x0000009a        0x8 C:/Program Files (x86)/Atmel/Studio/7.0/Packs/atmel/ATmega_DFP/1.0.90/gcc/dev/atmega328p/avr5/crtatmega328p.o
 *(.init9)
 *(.text)
 .text          0x000000a2        0x4 C:/Program Files (x86)/Atmel/Studio/7.0/Packs/atmel/ATmega_DFP/1.0.90/gcc/dev/atmega328p/avr5/crtatmega328p.o
                0x000000a2                __vector_22
                0x000000a2                __vector_1
                0x000000a2                __vector_24
                0x000000a2                __vector_12
                0x000000a2                __bad_interrupt
                0x000000a2                __vector_6
                0x000000a2                __vector_3
                0x000000a2                __vector_23
                0x000000a2                __vector_25
                0x000000a2                __vector_13
                0x000000a2                __vector_17
                0x000000a2                __vector_19
                0x000000a2                __vector_7
                0x000000a2                __vector_5
                0x000000a2                __vector_4
                0x000000a2                __vector_9
                0x000000a2                __vector_2
                0x000000a2                __vector_21
                0x000000a2                __vector_15
                0x000000a2                __vector_8
                0x000000a2                __vector_14
                0x000000a2                __vector_10
                0x000000a2                __vector_16
                0x000000a2                __vector_20
                0x000000a6                . = ALIGN (0x2)
 *(.text.*)
 .text.DigitalInit
                0x000000a6       0xb2 digital.o
                0x000000a6                DigitalInit
 .text.DACWRdisable
                0x00000158       0x22 digital.o
                0x00000158                DACWRdisable
 .text.DACWRenable
                0x0000017a       0x22 digital.o
                0x0000017a                DACWRenable
 .text.DigitalWrite
                0x0000019c      0x1ca digital.o
                0x0000019c                DigitalWrite
 .text.vListInitialise
                0x00000366       0x6c FreeRTOS Source/source/list.o
                0x00000366                vListInitialise
 .text.vListInitialiseItem
                0x000003d2       0x24 FreeRTOS Source/source/list.o
                0x000003d2                vListInitialiseItem
 .text.vListInsertEnd
                0x000003f6       0x9e FreeRTOS Source/source/list.o
                0x000003f6                vListInsertEnd
 .text.vListInsert
                0x00000494       0xf0 FreeRTOS Source/source/list.o
                0x00000494                vListInsert
 .text.uxListRemove
                0x00000584       0xae FreeRTOS Source/source/list.o
                0x00000584                uxListRemove
 .text.pvPortMalloc
                0x00000632      0x1de FreeRTOS Source/source/portable/heap_2.o
                0x00000632                pvPortMalloc
 .text.vPortFree
                0x00000810       0xe4 FreeRTOS Source/source/portable/heap_2.o
                0x00000810                vPortFree
 .text.prvHeapInit
                0x000008f4       0x70 FreeRTOS Source/source/portable/heap_2.o
 .text.pxPortInitialiseStack
                0x00000964      0x352 FreeRTOS Source/source/portable/port.o
                0x00000964                pxPortInitialiseStack
 .text.xPortStartScheduler
                0x00000cb6       0x6a FreeRTOS Source/source/portable/port.o
                0x00000cb6                xPortStartScheduler
 .text.vPortYield
                0x00000d20       0xb4 FreeRTOS Source/source/portable/port.o
                0x00000d20                vPortYield
 .text.vPortYieldFromTick
                0x00000dd4       0xb8 FreeRTOS Source/source/portable/port.o
                0x00000dd4                vPortYieldFromTick
 .text.prvSetupTimerInterrupt
                0x00000e8c       0xae FreeRTOS Source/source/portable/port.o
 .text.__vector_11
                0x00000f3a        0x8 FreeRTOS Source/source/portable/port.o
                0x00000f3a                __vector_11
 .text.xTaskCreate
                0x00000f42       0xfa FreeRTOS Source/source/tasks.o
                0x00000f42                xTaskCreate
 .text.prvInitialiseNewTask
                0x0000103c      0x18e FreeRTOS Source/source/tasks.o
 .text.prvAddNewTaskToReadyList
                0x000011ca       0xfc FreeRTOS Source/source/tasks.o
 .text.vTaskDelayUntil
                0x000012c6       0xf4 FreeRTOS Source/source/tasks.o
                0x000012c6                vTaskDelayUntil
 .text.vTaskStartScheduler
                0x000013ba       0x6a FreeRTOS Source/source/tasks.o
                0x000013ba                vTaskStartScheduler
 .text.vTaskSuspendAll
                0x00001424       0x1a FreeRTOS Source/source/tasks.o
                0x00001424                vTaskSuspendAll
 .text.xTaskResumeAll
                0x0000143e      0x12e FreeRTOS Source/source/tasks.o
                0x0000143e                xTaskResumeAll
 .text.xTaskGetTickCount
                0x0000156c       0x2e FreeRTOS Source/source/tasks.o
                0x0000156c                xTaskGetTickCount
 .text.xTaskIncrementTick
                0x0000159a      0x1da FreeRTOS Source/source/tasks.o
                0x0000159a                xTaskIncrementTick
 .text.vTaskSetApplicationTaskTag
                0x00001774       0x60 FreeRTOS Source/source/tasks.o
                0x00001774                vTaskSetApplicationTaskTag
 .text.vTaskSwitchContext
                0x000017d4      0x10a FreeRTOS Source/source/tasks.o
                0x000017d4                vTaskSwitchContext
 .text.prvIdleTask
                0x000018de       0x20 FreeRTOS Source/source/tasks.o
 .text.prvInitialiseTaskLists
                0x000018fe       0x74 FreeRTOS Source/source/tasks.o
 .text.prvCheckTasksWaitingTermination
                0x00001972       0x10 FreeRTOS Source/source/tasks.o
 .text.prvResetNextTaskUnblockTime
                0x00001982       0x5e FreeRTOS Source/source/tasks.o
 .text.prvAddCurrentTaskToDelayedList
                0x000019e0       0xd0 FreeRTOS Source/source/tasks.o
 .text.main     0x00001ab0       0x80 main.o
                0x00001ab0                main
 .text.T1_func  0x00001b30       0x56 main.o
 .text.T2_func  0x00001b86       0x56 main.o
 .text.T3_func  0x00001bdc       0x56 main.o
 .text.__vector_18
                0x00001c32      0x11a rs232atmega.o
                0x00001c32                __vector_18
 .text.RS232_PrepareToRead
                0x00001d4c       0x3a rs232atmega.o
 .text.RS232_Init
                0x00001d86       0xb8 rs232atmega.o
                0x00001d86                RS232_Init
 .text.RS232_Send
                0x00001e3e       0xa4 rs232atmega.o
                0x00001e3e                RS232_Send
 .text.SRAMinitiate
                0x00001ee2       0x86 sram.o
                0x00001ee2                SRAMinitiate
 .text.SRAMwriteblock
                0x00001f68       0xe0 sram.o
                0x00001f68                SRAMwriteblock
 .text.SRAMreadblock
                0x00002048       0xec sram.o
                0x00002048                SRAMreadblock
 .text.my_trace
                0x00002134      0x342 utils_planif.o
                0x00002134                my_trace
 .text.consumeCPU
                0x00002476       0xb2 utils_planif.o
                0x00002476                consumeCPU
 .text.InitHW   0x00002528       0x28 utils_planif.o
                0x00002528                InitHW
 .text.avr-libc
                0x00002550       0x44 c:/program files (x86)/atmel/studio/7.0/toolchain/avr8/avr8-gnu-toolchain/bin/../lib/gcc/avr/5.4.0/../../../../avr/lib/avr5\libc.a(sprintf.o)
                0x00002550                sprintf
 .text.avr-libc
                0x00002594      0x3c2 c:/program files (x86)/atmel/studio/7.0/toolchain/avr8/avr8-gnu-toolchain/bin/../lib/gcc/avr/5.4.0/../../../../avr/lib/avr5\libc.a(vfprintf_std.o)
                0x00002594                vfprintf
 .text.avr-libc
                0x00002956       0x16 c:/program files (x86)/atmel/studio/7.0/toolchain/avr8/avr8-gnu-toolchain/bin/../lib/gcc/avr/5.4.0/../../../../avr/lib/avr5\libc.a(strnlen_P.o)
                0x00002956                strnlen_P
 .text.avr-libc
                0x0000296c       0x16 c:/program files (x86)/atmel/studio/7.0/toolchain/avr8/avr8-gnu-toolchain/bin/../lib/gcc/avr/5.4.0/../../../../avr/lib/avr5\libc.a(strnlen.o)
                0x0000296c                strnlen
 .text.avr-libc
                0x00002982       0x78 c:/program files (x86)/atmel/studio/7.0/toolchain/avr8/avr8-gnu-toolchain/bin/../lib/gcc/avr/5.4.0/../../../../avr/lib/avr5\libc.a(fputc.o)
                0x00002982                fputc
 .text.avr-libc
                0x000029fa       0xbc c:/program files (x86)/atmel/studio/7.0/toolchain/avr8/avr8-gnu-toolchain/bin/../lib/gcc/avr/5.4.0/../../../../avr/lib/avr5\libc.a(ultoa_invert.o)
                0x000029fa                __ultoa_invert
 .text.libgcc.prologue
                0x00002ab6       0x38 c:/program files (x86)/atmel/studio/7.0/toolchain/avr8/avr8-gnu-toolchain/bin/../lib/gcc/avr/5.4.0/avr5\libgcc.a(_prologue.o)
                0x00002ab6                __prologue_saves__
 .text.libgcc.prologue
                0x00002aee       0x36 c:/program files (x86)/atmel/studio/7.0/toolchain/avr8/avr8-gnu-toolchain/bin/../lib/gcc/avr/5.4.0/avr5\libgcc.a(_epilogue.o)
                0x00002aee                __epilogue_restores__
                0x00002b24                . = ALIGN (0x2)
 *(.fini9)
 .fini9         0x00002b24        0x0 c:/program files (x86)/atmel/studio/7.0/toolchain/avr8/avr8-gnu-toolchain/bin/../lib/gcc/avr/5.4.0/avr5\libgcc.a(_exit.o)
                0x00002b24                _exit
                0x00002b24                exit
 *(.fini9)
 *(.fini8)
 *(.fini8)
 *(.fini7)
 *(.fini7)
 *(.fini6)
 *(.fini6)
 *(.fini5)
 *(.fini5)
 *(.fini4)
 *(.fini4)
 *(.fini3)
 *(.fini3)
 *(.fini2)
 *(.fini2)
 *(.fini1)
 *(.fini1)
 *(.fini0)
 .fini0         0x00002b24        0x4 c:/program files (x86)/atmel/studio/7.0/toolchain/avr8/avr8-gnu-toolchain/bin/../lib/gcc/avr/5.4.0/avr5\libgcc.a(_exit.o)
 *(.fini0)
                0x00002b28                _etext = .

.data           0x00800100       0x66 load address 0x00002b28
                0x00800100                PROVIDE (__data_start, .)
 *(.data)
 *(.data*)
 .data.xFreeBytesRemaining
                0x00800100        0x2 FreeRTOS Source/source/portable/heap_2.o
 .data.num_tasks
                0x00800102        0x1 main.o
                0x00800102                num_tasks
 .data.taskPeriod
                0x00800103        0x6 main.o
                0x00800103                taskPeriod
 .data.computationTime
                0x00800109        0x6 main.o
                0x00800109                computationTime
 .data.taskPrio
                0x0080010f        0x3 main.o
                0x0080010f                taskPrio
 .data.start    0x00800112        0x6 main.o
                0x00800112                start
 .data.rs232bufferstate
                0x00800118        0x1 rs232atmega.o
 *(.gnu.linkonce.d*)
 *(.rodata)
 .rodata        0x00800119        0x5 FreeRTOS Source/source/tasks.o
 .rodata        0x0080011e        0x9 main.o
 .rodata        0x00800127       0x3e utils_planif.o
 *(.rodata*)
 *(.gnu.linkonce.r*)
                0x00800166                . = ALIGN (0x2)
 *fill*         0x00800165        0x1 
                0x00800166                _edata = .
                0x00800166                PROVIDE (__data_end, .)

.bss            0x00800166      0x66d
                0x00800166                PROVIDE (__bss_start, .)
 *(.bss)
 *(.bss*)
 .bss.ucHeap    0x00800166      0x5dc FreeRTOS Source/source/portable/heap_2.o
 .bss.xStart    0x00800742        0x4 FreeRTOS Source/source/portable/heap_2.o
 .bss.xEnd      0x00800746        0x4 FreeRTOS Source/source/portable/heap_2.o
 .bss.xHeapHasBeenInitialised.2340
                0x0080074a        0x1 FreeRTOS Source/source/portable/heap_2.o
 .bss.pxCurrentTCB
                0x0080074b        0x2 FreeRTOS Source/source/tasks.o
                0x0080074b                pxCurrentTCB
 .bss.pxReadyTasksLists
                0x0080074d       0x36 FreeRTOS Source/source/tasks.o
 .bss.xDelayedTaskList1
                0x00800783        0x9 FreeRTOS Source/source/tasks.o
 .bss.xDelayedTaskList2
                0x0080078c        0x9 FreeRTOS Source/source/tasks.o
 .bss.pxDelayedTaskList
                0x00800795        0x2 FreeRTOS Source/source/tasks.o
 .bss.pxOverflowDelayedTaskList
                0x00800797        0x2 FreeRTOS Source/source/tasks.o
 .bss.xPendingReadyList
                0x00800799        0x9 FreeRTOS Source/source/tasks.o
 .bss.uxCurrentNumberOfTasks
                0x008007a2        0x1 FreeRTOS Source/source/tasks.o
 .bss.xTickCount
                0x008007a3        0x2 FreeRTOS Source/source/tasks.o
 .bss.uxTopReadyPriority
                0x008007a5        0x1 FreeRTOS Source/source/tasks.o
 .bss.xSchedulerRunning
                0x008007a6        0x1 FreeRTOS Source/source/tasks.o
 .bss.uxPendedTicks
                0x008007a7        0x1 FreeRTOS Source/source/tasks.o
 .bss.xYieldPending
                0x008007a8        0x1 FreeRTOS Source/source/tasks.o
 .bss.xNumOfOverflows
                0x008007a9        0x1 FreeRTOS Source/source/tasks.o
 .bss.uxTaskNumber
                0x008007aa        0x1 FreeRTOS Source/source/tasks.o
 .bss.xNextTaskUnblockTime
                0x008007ab        0x2 FreeRTOS Source/source/tasks.o
 .bss.xIdleTaskHandle
                0x008007ad        0x2 FreeRTOS Source/source/tasks.o
 .bss.uxSchedulerSuspended
                0x008007af        0x1 FreeRTOS Source/source/tasks.o
 .bss.rs232buffer
                0x008007b0        0x2 rs232atmega.o
 .bss.rs232buffersize
                0x008007b2        0x1 rs232atmega.o
 .bss.rs232bufferpos
                0x008007b3        0x1 rs232atmega.o
 .bss.rs232endchar
                0x008007b4        0x1 rs232atmega.o
 .bss.rs232inputreport
                0x008007b5        0x4 rs232atmega.o
 .bss.mem_pointer.2345
                0x008007b9        0x2 utils_planif.o
 *(COMMON)
 COMMON         0x008007bb       0x18 utils_planif.o
                0x008007bb                trama
                0x008007cb                ev
                0x008007d3                PROVIDE (__bss_end, .)
                0x00002b28                __data_load_start = LOADADDR (.data)
                0x00002b8e                __data_load_end = (__data_load_start + SIZEOF (.data))

.noinit         0x008007d3        0x0
                [!provide]                PROVIDE (__noinit_start, .)
 *(.noinit*)
                [!provide]                PROVIDE (__noinit_end, .)
                0x008007d3                _end = .
                [!provide]                PROVIDE (__heap_start, .)

.eeprom         0x00810000        0x0
 *(.eeprom*)
                0x00810000                __eeprom_end = .

.fuse
 *(.fuse)
 *(.lfuse)
 *(.hfuse)
 *(.efuse)

.lock
 *(.lock*)

.signature
 *(.signature*)

.user_signatures
 *(.user_signatures*)

.stab
 *(.stab)

.stabstr
 *(.stabstr)

.stab.excl
 *(.stab.excl)

.stab.exclstr
 *(.stab.exclstr)

.stab.index
 *(.stab.index)

.stab.indexstr
 *(.stab.indexstr)

.comment        0x00000000       0x5c
 *(.comment)
 .comment       0x00000000       0x30 digital.o
                                 0x31 (size before relaxing)
 .comment       0x00000030       0x31 FreeRTOS Source/source/list.o
 .comment       0x00000030       0x31 FreeRTOS Source/source/portable/heap_2.o
 .comment       0x00000030       0x31 FreeRTOS Source/source/portable/port.o
 .comment       0x00000030       0x31 FreeRTOS Source/source/tasks.o
 .comment       0x00000030       0x31 main.o
 .comment       0x00000030       0x31 rs232atmega.o
 .comment       0x00000030       0x31 sram.o
 .comment       0x00000030       0x31 utils_planif.o
 .comment       0x00000030       0x31 c:/program files (x86)/atmel/studio/7.0/toolchain/avr8/avr8-gnu-toolchain/bin/../lib/gcc/avr/5.4.0/../../../../avr/lib/avr5\libc.a(sprintf.o)
 .comment       0x00000030       0x2c c:/program files (x86)/atmel/studio/7.0/toolchain/avr8/avr8-gnu-toolchain/bin/../lib/gcc/avr/5.4.0/../../../../avr/lib/avr5\libc.a(vfprintf_std.o)
                                 0x2d (size before relaxing)
 .comment       0x0000005c       0x31 c:/program files (x86)/atmel/studio/7.0/toolchain/avr8/avr8-gnu-toolchain/bin/../lib/gcc/avr/5.4.0/../../../../avr/lib/avr5\libc.a(fputc.o)

.note.gnu.avr.deviceinfo
                0x00000000       0x40
 .note.gnu.avr.deviceinfo
                0x00000000       0x40 C:/Program Files (x86)/Atmel/Studio/7.0/Packs/atmel/ATmega_DFP/1.0.90/gcc/dev/atmega328p/avr5/crtatmega328p.o

.note.gnu.build-id
 *(.note.gnu.build-id)

.debug
 *(.debug)

.line
 *(.line)

.debug_srcinfo
 *(.debug_srcinfo)

.debug_sfnames
 *(.debug_sfnames)

.debug_aranges  0x00000000      0x350
 *(.debug_aranges)
 .debug_aranges
                0x00000000       0x50 digital.o
 .debug_aranges
                0x00000050       0x40 FreeRTOS Source/source/list.o
 .debug_aranges
                0x00000090       0x40 FreeRTOS Source/source/portable/heap_2.o
 .debug_aranges
                0x000000d0       0x50 FreeRTOS Source/source/portable/port.o
 .debug_aranges
                0x00000120      0x140 FreeRTOS Source/source/tasks.o
 .debug_aranges
                0x00000260       0x38 main.o
 .debug_aranges
                0x00000298       0x50 rs232atmega.o
 .debug_aranges
                0x000002e8       0x38 sram.o
 .debug_aranges
                0x00000320       0x30 utils_planif.o

.debug_pubnames
 *(.debug_pubnames)

.debug_info     0x00000000     0x216e
 *(.debug_info .gnu.linkonce.wi.*)
 .debug_info    0x00000000      0x150 digital.o
 .debug_info    0x00000150      0x2b7 FreeRTOS Source/source/list.o
 .debug_info    0x00000407      0x2cd FreeRTOS Source/source/portable/heap_2.o
 .debug_info    0x000006d4      0x1cf FreeRTOS Source/source/portable/port.o
 .debug_info    0x000008a3     0x1083 FreeRTOS Source/source/tasks.o
 .debug_info    0x00001926      0x1d9 main.o
 .debug_info    0x00001aff      0x2b9 rs232atmega.o
 .debug_info    0x00001db8      0x179 sram.o
 .debug_info    0x00001f31      0x23d utils_planif.o

.debug_abbrev   0x00000000      0x97b
 *(.debug_abbrev)
 .debug_abbrev  0x00000000       0xb2 digital.o
 .debug_abbrev  0x000000b2       0xc0 FreeRTOS Source/source/list.o
 .debug_abbrev  0x00000172      0x154 FreeRTOS Source/source/portable/heap_2.o
 .debug_abbrev  0x000002c6      0x104 FreeRTOS Source/source/portable/port.o
 .debug_abbrev  0x000003ca      0x228 FreeRTOS Source/source/tasks.o
 .debug_abbrev  0x000005f2       0xb3 main.o
 .debug_abbrev  0x000006a5      0x122 rs232atmega.o
 .debug_abbrev  0x000007c7       0xb1 sram.o
 .debug_abbrev  0x00000878      0x103 utils_planif.o

.debug_line     0x00000000     0x2409
 *(.debug_line .debug_line.* .debug_line_end)
 .debug_line    0x00000000      0x24e digital.o
 .debug_line    0x0000024e      0x217 FreeRTOS Source/source/list.o
 .debug_line    0x00000465      0x314 FreeRTOS Source/source/portable/heap_2.o
 .debug_line    0x00000779      0x3fe FreeRTOS Source/source/portable/port.o
 .debug_line    0x00000b77      0xea7 FreeRTOS Source/source/tasks.o
 .debug_line    0x00001a1e      0x1bd main.o
 .debug_line    0x00001bdb      0x35a rs232atmega.o
 .debug_line    0x00001f35      0x210 sram.o
 .debug_line    0x00002145      0x2c4 utils_planif.o

.debug_frame    0x00000000      0xb88
 *(.debug_frame)
 .debug_frame   0x00000000       0xf4 digital.o
 .debug_frame   0x000000f4       0xb4 FreeRTOS Source/source/list.o
 .debug_frame   0x000001a8       0xb4 FreeRTOS Source/source/portable/heap_2.o
 .debug_frame   0x0000025c       0xc4 FreeRTOS Source/source/portable/port.o
 .debug_frame   0x00000320      0x564 FreeRTOS Source/source/tasks.o
 .debug_frame   0x00000884       0xa0 main.o
 .debug_frame   0x00000924      0x11c rs232atmega.o
 .debug_frame   0x00000a40       0xd4 sram.o
 .debug_frame   0x00000b14       0x74 utils_planif.o

.debug_str      0x00000000     0x10db
 *(.debug_str)
 .debug_str     0x00000000      0x1d9 digital.o
                                0x212 (size before relaxing)
 .debug_str     0x000001d9      0x167 FreeRTOS Source/source/list.o
                                0x2fe (size before relaxing)
 .debug_str     0x00000340      0x170 FreeRTOS Source/source/portable/heap_2.o
                                0x32c (size before relaxing)
 .debug_str     0x000004b0      0x10d FreeRTOS Source/source/portable/port.o
                                0x2c9 (size before relaxing)
 .debug_str     0x000005bd      0x85b FreeRTOS Source/source/tasks.o
                                0xb24 (size before relaxing)
 .debug_str     0x00000e18       0x6b main.o
                                0x22d (size before relaxing)
 .debug_str     0x00000e83      0x179 rs232atmega.o
                                0x315 (size before relaxing)
 .debug_str     0x00000ffc       0x6a sram.o
                                0x20a (size before relaxing)
 .debug_str     0x00001066       0x75 utils_planif.o
                                0x261 (size before relaxing)

.debug_loc      0x00000000     0x1713
 *(.debug_loc)
 .debug_loc     0x00000000      0x1aa digital.o
 .debug_loc     0x000001aa      0x167 FreeRTOS Source/source/list.o
 .debug_loc     0x00000311      0x14c FreeRTOS Source/source/portable/heap_2.o
 .debug_loc     0x0000045d      0x105 FreeRTOS Source/source/portable/port.o
 .debug_loc     0x00000562      0xbc7 FreeRTOS Source/source/tasks.o
 .debug_loc     0x00001129      0x13a main.o
 .debug_loc     0x00001263      0x239 rs232atmega.o
 .debug_loc     0x0000149c      0x1ae sram.o
 .debug_loc     0x0000164a       0xc9 utils_planif.o

.debug_macinfo
 *(.debug_macinfo)

.debug_weaknames
 *(.debug_weaknames)

.debug_funcnames
 *(.debug_funcnames)

.debug_typenames
 *(.debug_typenames)

.debug_varnames
 *(.debug_varnames)

.debug_pubtypes
 *(.debug_pubtypes)

.debug_ranges   0x00000000      0x2c0
 *(.debug_ranges)
 .debug_ranges  0x00000000       0x40 digital.o
 .debug_ranges  0x00000040       0x30 FreeRTOS Source/source/list.o
 .debug_ranges  0x00000070       0x30 FreeRTOS Source/source/portable/heap_2.o
 .debug_ranges  0x000000a0       0x40 FreeRTOS Source/source/portable/port.o
 .debug_ranges  0x000000e0      0x130 FreeRTOS Source/source/tasks.o
 .debug_ranges  0x00000210       0x28 main.o
 .debug_ranges  0x00000238       0x40 rs232atmega.o
 .debug_ranges  0x00000278       0x28 sram.o
 .debug_ranges  0x000002a0       0x20 utils_planif.o

.debug_macro
 *(.debug_macro)
OUTPUT(TestFreeRTOS.elf elf32-avr)
LOAD linker stubs
