Archive member included to satisfy reference by file (symbol)

c:/program files (x86)/atmel/studio/7.0/toolchain/avr8/avr8-gnu-toolchain/bin/../lib/gcc/avr/5.4.0/../../../../avr/lib/avr5\libm.a(divsf3.o)
                              main.o (__divsf3)
c:/program files (x86)/atmel/studio/7.0/toolchain/avr8/avr8-gnu-toolchain/bin/../lib/gcc/avr/5.4.0/../../../../avr/lib/avr5\libm.a(divsf3x.o)
                              c:/program files (x86)/atmel/studio/7.0/toolchain/avr8/avr8-gnu-toolchain/bin/../lib/gcc/avr/5.4.0/../../../../avr/lib/avr5\libm.a(divsf3.o) (__divsf3x)
c:/program files (x86)/atmel/studio/7.0/toolchain/avr8/avr8-gnu-toolchain/bin/../lib/gcc/avr/5.4.0/../../../../avr/lib/avr5\libm.a(fixsfsi.o)
                              main.o (__fixsfsi)
c:/program files (x86)/atmel/studio/7.0/toolchain/avr8/avr8-gnu-toolchain/bin/../lib/gcc/avr/5.4.0/../../../../avr/lib/avr5\libm.a(fixunssfsi.o)
                              c:/program files (x86)/atmel/studio/7.0/toolchain/avr8/avr8-gnu-toolchain/bin/../lib/gcc/avr/5.4.0/../../../../avr/lib/avr5\libm.a(fixsfsi.o) (__fixunssfsi)
c:/program files (x86)/atmel/studio/7.0/toolchain/avr8/avr8-gnu-toolchain/bin/../lib/gcc/avr/5.4.0/../../../../avr/lib/avr5\libm.a(floatsisf.o)
                              main.o (__floatunsisf)
c:/program files (x86)/atmel/studio/7.0/toolchain/avr8/avr8-gnu-toolchain/bin/../lib/gcc/avr/5.4.0/../../../../avr/lib/avr5\libm.a(fp_inf.o)
                              c:/program files (x86)/atmel/studio/7.0/toolchain/avr8/avr8-gnu-toolchain/bin/../lib/gcc/avr/5.4.0/../../../../avr/lib/avr5\libm.a(divsf3x.o) (__fp_inf)
c:/program files (x86)/atmel/studio/7.0/toolchain/avr8/avr8-gnu-toolchain/bin/../lib/gcc/avr/5.4.0/../../../../avr/lib/avr5\libm.a(fp_nan.o)
                              c:/program files (x86)/atmel/studio/7.0/toolchain/avr8/avr8-gnu-toolchain/bin/../lib/gcc/avr/5.4.0/../../../../avr/lib/avr5\libm.a(divsf3x.o) (__fp_nan)
c:/program files (x86)/atmel/studio/7.0/toolchain/avr8/avr8-gnu-toolchain/bin/../lib/gcc/avr/5.4.0/../../../../avr/lib/avr5\libm.a(fp_pscA.o)
                              c:/program files (x86)/atmel/studio/7.0/toolchain/avr8/avr8-gnu-toolchain/bin/../lib/gcc/avr/5.4.0/../../../../avr/lib/avr5\libm.a(divsf3x.o) (__fp_pscA)
c:/program files (x86)/atmel/studio/7.0/toolchain/avr8/avr8-gnu-toolchain/bin/../lib/gcc/avr/5.4.0/../../../../avr/lib/avr5\libm.a(fp_pscB.o)
                              c:/program files (x86)/atmel/studio/7.0/toolchain/avr8/avr8-gnu-toolchain/bin/../lib/gcc/avr/5.4.0/../../../../avr/lib/avr5\libm.a(divsf3x.o) (__fp_pscB)
c:/program files (x86)/atmel/studio/7.0/toolchain/avr8/avr8-gnu-toolchain/bin/../lib/gcc/avr/5.4.0/../../../../avr/lib/avr5\libm.a(fp_round.o)
                              c:/program files (x86)/atmel/studio/7.0/toolchain/avr8/avr8-gnu-toolchain/bin/../lib/gcc/avr/5.4.0/../../../../avr/lib/avr5\libm.a(divsf3.o) (__fp_round)
c:/program files (x86)/atmel/studio/7.0/toolchain/avr8/avr8-gnu-toolchain/bin/../lib/gcc/avr/5.4.0/../../../../avr/lib/avr5\libm.a(fp_split3.o)
                              c:/program files (x86)/atmel/studio/7.0/toolchain/avr8/avr8-gnu-toolchain/bin/../lib/gcc/avr/5.4.0/../../../../avr/lib/avr5\libm.a(divsf3x.o) (__fp_split3)
c:/program files (x86)/atmel/studio/7.0/toolchain/avr8/avr8-gnu-toolchain/bin/../lib/gcc/avr/5.4.0/../../../../avr/lib/avr5\libm.a(fp_zero.o)
                              c:/program files (x86)/atmel/studio/7.0/toolchain/avr8/avr8-gnu-toolchain/bin/../lib/gcc/avr/5.4.0/../../../../avr/lib/avr5\libm.a(fixunssfsi.o) (__fp_zero)
c:/program files (x86)/atmel/studio/7.0/toolchain/avr8/avr8-gnu-toolchain/bin/../lib/gcc/avr/5.4.0/avr5\libgcc.a(_exit.o)
                              c:/program files (x86)/atmel/studio/7.0/toolchain/avr8/avr8-gnu-toolchain/bin/../lib/gcc/avr/5.4.0/../../../../avr/lib/avr5/crtatmega328p.o (exit)
c:/program files (x86)/atmel/studio/7.0/toolchain/avr8/avr8-gnu-toolchain/bin/../lib/gcc/avr/5.4.0/avr5\libgcc.a(_copy_data.o)
                              FreeRTOS Source/source/portable/heap_2.o (__do_copy_data)
c:/program files (x86)/atmel/studio/7.0/toolchain/avr8/avr8-gnu-toolchain/bin/../lib/gcc/avr/5.4.0/avr5\libgcc.a(_clear_bss.o)
                              FreeRTOS Source/source/croutine.o (__do_clear_bss)
c:/program files (x86)/atmel/studio/7.0/toolchain/avr8/avr8-gnu-toolchain/bin/../lib/gcc/avr/5.4.0/../../../../avr/lib/avr5\libc.a(memcpy.o)
                              FreeRTOS Source/source/queue.o (memcpy)
c:/program files (x86)/atmel/studio/7.0/toolchain/avr8/avr8-gnu-toolchain/bin/../lib/gcc/avr/5.4.0/../../../../avr/lib/avr5\libc.a(memset.o)
                              FreeRTOS Source/source/tasks.o (memset)
c:/program files (x86)/atmel/studio/7.0/toolchain/avr8/avr8-gnu-toolchain/bin/../lib/gcc/avr/5.4.0/../../../../avr/lib/avr5\libc.a(sprintf.o)
                              utils_planif.o (sprintf)
c:/program files (x86)/atmel/studio/7.0/toolchain/avr8/avr8-gnu-toolchain/bin/../lib/gcc/avr/5.4.0/../../../../avr/lib/avr5\libc.a(vfprintf_std.o)
                              c:/program files (x86)/atmel/studio/7.0/toolchain/avr8/avr8-gnu-toolchain/bin/../lib/gcc/avr/5.4.0/../../../../avr/lib/avr5\libc.a(sprintf.o) (vfprintf)
c:/program files (x86)/atmel/studio/7.0/toolchain/avr8/avr8-gnu-toolchain/bin/../lib/gcc/avr/5.4.0/../../../../avr/lib/avr5\libc.a(strnlen_P.o)
                              c:/program files (x86)/atmel/studio/7.0/toolchain/avr8/avr8-gnu-toolchain/bin/../lib/gcc/avr/5.4.0/../../../../avr/lib/avr5\libc.a(vfprintf_std.o) (strnlen_P)
c:/program files (x86)/atmel/studio/7.0/toolchain/avr8/avr8-gnu-toolchain/bin/../lib/gcc/avr/5.4.0/../../../../avr/lib/avr5\libc.a(strnlen.o)
                              c:/program files (x86)/atmel/studio/7.0/toolchain/avr8/avr8-gnu-toolchain/bin/../lib/gcc/avr/5.4.0/../../../../avr/lib/avr5\libc.a(vfprintf_std.o) (strnlen)
c:/program files (x86)/atmel/studio/7.0/toolchain/avr8/avr8-gnu-toolchain/bin/../lib/gcc/avr/5.4.0/../../../../avr/lib/avr5\libc.a(fputc.o)
                              c:/program files (x86)/atmel/studio/7.0/toolchain/avr8/avr8-gnu-toolchain/bin/../lib/gcc/avr/5.4.0/../../../../avr/lib/avr5\libc.a(vfprintf_std.o) (fputc)
c:/program files (x86)/atmel/studio/7.0/toolchain/avr8/avr8-gnu-toolchain/bin/../lib/gcc/avr/5.4.0/../../../../avr/lib/avr5\libc.a(ultoa_invert.o)
                              c:/program files (x86)/atmel/studio/7.0/toolchain/avr8/avr8-gnu-toolchain/bin/../lib/gcc/avr/5.4.0/../../../../avr/lib/avr5\libc.a(vfprintf_std.o) (__ultoa_invert)
c:/program files (x86)/atmel/studio/7.0/toolchain/avr8/avr8-gnu-toolchain/bin/../lib/gcc/avr/5.4.0/avr5\libgcc.a(_prologue.o)
                              c:/program files (x86)/atmel/studio/7.0/toolchain/avr8/avr8-gnu-toolchain/bin/../lib/gcc/avr/5.4.0/../../../../avr/lib/avr5\libc.a(sprintf.o) (__prologue_saves__)
c:/program files (x86)/atmel/studio/7.0/toolchain/avr8/avr8-gnu-toolchain/bin/../lib/gcc/avr/5.4.0/avr5\libgcc.a(_epilogue.o)
                              c:/program files (x86)/atmel/studio/7.0/toolchain/avr8/avr8-gnu-toolchain/bin/../lib/gcc/avr/5.4.0/../../../../avr/lib/avr5\libc.a(sprintf.o) (__epilogue_restores__)

Allocating common symbols
Common symbol       size              file

trama               0x10              utils_planif.o
xSemaphore          0x2               main.o
xQueueRegistry      0x4               FreeRTOS Source/source/queue.o
tasklist            0x6               main.o
ev                  0x8               utils_planif.o

Discarded input sections

 .data          0x00000000        0x0 c:/program files (x86)/atmel/studio/7.0/toolchain/avr8/avr8-gnu-toolchain/bin/../lib/gcc/avr/5.4.0/../../../../avr/lib/avr5/crtatmega328p.o
 .bss           0x00000000        0x0 c:/program files (x86)/atmel/studio/7.0/toolchain/avr8/avr8-gnu-toolchain/bin/../lib/gcc/avr/5.4.0/../../../../avr/lib/avr5/crtatmega328p.o
 .text          0x00000000        0x0 digital.o
 .data          0x00000000        0x0 digital.o
 .bss           0x00000000        0x0 digital.o
 .text.DigitalButtonA
                0x00000000       0x28 digital.o
 .text.DigitalButtonB
                0x00000000       0x28 digital.o
 .text.DigitalButtonC
                0x00000000       0x28 digital.o
 .text          0x00000000        0x0 FreeRTOS Source/source/croutine.o
 .data          0x00000000        0x0 FreeRTOS Source/source/croutine.o
 .bss           0x00000000        0x0 FreeRTOS Source/source/croutine.o
 .bss.pxReadyCoRoutineLists
                0x00000000       0x12 FreeRTOS Source/source/croutine.o
 .bss.xDelayedCoRoutineList1
                0x00000000        0x9 FreeRTOS Source/source/croutine.o
 .bss.xDelayedCoRoutineList2
                0x00000000        0x9 FreeRTOS Source/source/croutine.o
 .bss.pxDelayedCoRoutineList
                0x00000000        0x2 FreeRTOS Source/source/croutine.o
 .bss.pxOverflowDelayedCoRoutineList
                0x00000000        0x2 FreeRTOS Source/source/croutine.o
 .bss.xPendingReadyCoRoutineList
                0x00000000        0x9 FreeRTOS Source/source/croutine.o
 .bss.pxCurrentCoRoutine
                0x00000000        0x2 FreeRTOS Source/source/croutine.o
 .bss.uxTopCoRoutineReadyPriority
                0x00000000        0x1 FreeRTOS Source/source/croutine.o
 .bss.xCoRoutineTickCount
                0x00000000        0x2 FreeRTOS Source/source/croutine.o
 .bss.xLastTickCount
                0x00000000        0x2 FreeRTOS Source/source/croutine.o
 .bss.xPassedTicks
                0x00000000        0x2 FreeRTOS Source/source/croutine.o
 .text.xCoRoutineCreate
                0x00000000      0x138 FreeRTOS Source/source/croutine.o
 .text.vCoRoutineAddToDelayedList
                0x00000000       0xca FreeRTOS Source/source/croutine.o
 .text.prvCheckPendingReadyList
                0x00000000       0x9a FreeRTOS Source/source/croutine.o
 .text.prvCheckDelayedList
                0x00000000      0x16e FreeRTOS Source/source/croutine.o
 .text.vCoRoutineSchedule
                0x00000000      0x10a FreeRTOS Source/source/croutine.o
 .text.prvInitialiseCoRoutineLists
                0x00000000       0x74 FreeRTOS Source/source/croutine.o
 .text.xCoRoutineRemoveFromEventList
                0x00000000       0x72 FreeRTOS Source/source/croutine.o
 .debug_info    0x00000000      0x4d8 FreeRTOS Source/source/croutine.o
 .debug_abbrev  0x00000000      0x182 FreeRTOS Source/source/croutine.o
 .debug_loc     0x00000000      0x1f7 FreeRTOS Source/source/croutine.o
 .debug_aranges
                0x00000000       0x50 FreeRTOS Source/source/croutine.o
 .debug_ranges  0x00000000       0x40 FreeRTOS Source/source/croutine.o
 .debug_line    0x00000000      0x3eb FreeRTOS Source/source/croutine.o
 .debug_str     0x00000000      0x505 FreeRTOS Source/source/croutine.o
 .comment       0x00000000       0x31 FreeRTOS Source/source/croutine.o
 .debug_frame   0x00000000       0xf4 FreeRTOS Source/source/croutine.o
 .text          0x00000000        0x0 FreeRTOS Source/source/event_groups.o
 .data          0x00000000        0x0 FreeRTOS Source/source/event_groups.o
 .bss           0x00000000        0x0 FreeRTOS Source/source/event_groups.o
 .text.xEventGroupCreate
                0x00000000       0x40 FreeRTOS Source/source/event_groups.o
 .text.xEventGroupSync
                0x00000000      0x176 FreeRTOS Source/source/event_groups.o
 .text.xEventGroupWaitBits
                0x00000000      0x18c FreeRTOS Source/source/event_groups.o
 .text.xEventGroupClearBits
                0x00000000       0x72 FreeRTOS Source/source/event_groups.o
 .text.xEventGroupGetBitsFromISR
                0x00000000       0x46 FreeRTOS Source/source/event_groups.o
 .text.xEventGroupSetBits
                0x00000000      0x17a FreeRTOS Source/source/event_groups.o
 .text.vEventGroupDelete
                0x00000000       0x68 FreeRTOS Source/source/event_groups.o
 .text.vEventGroupSetBitsCallback
                0x00000000       0x3c FreeRTOS Source/source/event_groups.o
 .text.vEventGroupClearBitsCallback
                0x00000000       0x3c FreeRTOS Source/source/event_groups.o
 .text.prvTestWaitCondition
                0x00000000       0x64 FreeRTOS Source/source/event_groups.o
 .text.uxEventGroupGetNumber
                0x00000000       0x42 FreeRTOS Source/source/event_groups.o
 .debug_info    0x00000000      0x6a6 FreeRTOS Source/source/event_groups.o
 .debug_abbrev  0x00000000      0x155 FreeRTOS Source/source/event_groups.o
 .debug_loc     0x00000000      0x32d FreeRTOS Source/source/event_groups.o
 .debug_aranges
                0x00000000       0x70 FreeRTOS Source/source/event_groups.o
 .debug_ranges  0x00000000       0x60 FreeRTOS Source/source/event_groups.o
 .debug_line    0x00000000      0x4df FreeRTOS Source/source/event_groups.o
 .debug_str     0x00000000      0x545 FreeRTOS Source/source/event_groups.o
 .comment       0x00000000       0x31 FreeRTOS Source/source/event_groups.o
 .debug_frame   0x00000000      0x180 FreeRTOS Source/source/event_groups.o
 .text          0x00000000        0x0 FreeRTOS Source/source/list.o
 .data          0x00000000        0x0 FreeRTOS Source/source/list.o
 .bss           0x00000000        0x0 FreeRTOS Source/source/list.o
 .text          0x00000000        0x0 FreeRTOS Source/source/portable/heap_2.o
 .data          0x00000000        0x0 FreeRTOS Source/source/portable/heap_2.o
 .bss           0x00000000        0x0 FreeRTOS Source/source/portable/heap_2.o
 .rodata.heapSTRUCT_SIZE
                0x00000000        0x2 FreeRTOS Source/source/portable/heap_2.o
 .text.xPortGetFreeHeapSize
                0x00000000       0x16 FreeRTOS Source/source/portable/heap_2.o
 .text.vPortInitialiseBlocks
                0x00000000       0x10 FreeRTOS Source/source/portable/heap_2.o
 .text          0x00000000        0x0 FreeRTOS Source/source/portable/port.o
 .data          0x00000000        0x0 FreeRTOS Source/source/portable/port.o
 .bss           0x00000000        0x0 FreeRTOS Source/source/portable/port.o
 .text.vPortEndScheduler
                0x00000000       0x10 FreeRTOS Source/source/portable/port.o
 .text          0x00000000        0x0 FreeRTOS Source/source/queue.o
 .data          0x00000000        0x0 FreeRTOS Source/source/queue.o
 .bss           0x00000000        0x0 FreeRTOS Source/source/queue.o
 .text.xQueueGenericSendFromISR
                0x00000000       0xbe FreeRTOS Source/source/queue.o
 .text.xQueueGiveFromISR
                0x00000000       0xb4 FreeRTOS Source/source/queue.o
 .text.xQueueReceiveFromISR
                0x00000000       0xbe FreeRTOS Source/source/queue.o
 .text.xQueuePeekFromISR
                0x00000000       0x78 FreeRTOS Source/source/queue.o
 .text.uxQueueMessagesWaiting
                0x00000000       0x32 FreeRTOS Source/source/queue.o
 .text.uxQueueSpacesAvailable
                0x00000000       0x4e FreeRTOS Source/source/queue.o
 .text.uxQueueMessagesWaitingFromISR
                0x00000000       0x28 FreeRTOS Source/source/queue.o
 .text.vQueueDelete
                0x00000000       0x38 FreeRTOS Source/source/queue.o
 .text.uxQueueGetQueueNumber
                0x00000000       0x20 FreeRTOS Source/source/queue.o
 .text.vQueueSetQueueNumber
                0x00000000       0x2a FreeRTOS Source/source/queue.o
 .text.ucQueueGetQueueType
                0x00000000       0x20 FreeRTOS Source/source/queue.o
 .text.xQueueIsQueueEmptyFromISR
                0x00000000       0x32 FreeRTOS Source/source/queue.o
 .text.xQueueIsQueueFullFromISR
                0x00000000       0x3a FreeRTOS Source/source/queue.o
 .text.xQueueCRSend
                0x00000000       0xc2 FreeRTOS Source/source/queue.o
 .text.xQueueCRReceive
                0x00000000      0x132 FreeRTOS Source/source/queue.o
 .text.xQueueCRSendFromISR
                0x00000000       0x82 FreeRTOS Source/source/queue.o
 .text.xQueueCRReceiveFromISR
                0x00000000      0x108 FreeRTOS Source/source/queue.o
 .text.vQueueAddToRegistry
                0x00000000       0x8e FreeRTOS Source/source/queue.o
 .text.pcQueueGetName
                0x00000000       0x7a FreeRTOS Source/source/queue.o
 .text.vQueueUnregisterQueue
                0x00000000       0x82 FreeRTOS Source/source/queue.o
 COMMON         0x00000000        0x4 FreeRTOS Source/source/queue.o
 .text          0x00000000        0x0 FreeRTOS Source/source/tasks.o
 .data          0x00000000        0x0 FreeRTOS Source/source/tasks.o
 .bss           0x00000000        0x0 FreeRTOS Source/source/tasks.o
 .text.vTaskDelay
                0x00000000       0x46 FreeRTOS Source/source/tasks.o
 .text.eTaskGetState
                0x00000000       0x90 FreeRTOS Source/source/tasks.o
 .text.vTaskEndScheduler
                0x00000000       0x1a FreeRTOS Source/source/tasks.o
 .text.xTaskGetTickCountFromISR
                0x00000000       0x2a FreeRTOS Source/source/tasks.o
 .text.uxTaskGetNumberOfTasks
                0x00000000       0x12 FreeRTOS Source/source/tasks.o
 .text.pcTaskGetName
                0x00000000       0x3e FreeRTOS Source/source/tasks.o
 .text.uxTaskGetSystemState
                0x00000000      0x114 FreeRTOS Source/source/tasks.o
 .text.xTaskGetApplicationTaskTag
                0x00000000       0x5e FreeRTOS Source/source/tasks.o
 .text.xTaskCallApplicationTaskHook
                0x00000000       0x74 FreeRTOS Source/source/tasks.o
 .text.vTaskPlaceOnUnorderedEventList
                0x00000000       0x64 FreeRTOS Source/source/tasks.o
 .text.xTaskRemoveFromUnorderedEventList
                0x00000000       0xd6 FreeRTOS Source/source/tasks.o
 .text.uxTaskGetTaskNumber
                0x00000000       0x42 FreeRTOS Source/source/tasks.o
 .text.vTaskSetTaskNumber
                0x00000000       0x40 FreeRTOS Source/source/tasks.o
 .text.vTaskGetInfo
                0x00000000      0x10a FreeRTOS Source/source/tasks.o
 .text.prvListTasksWithinSingleList
                0x00000000      0x14c FreeRTOS Source/source/tasks.o
 .text.prvTaskCheckFreeStackSpace
                0x00000000       0x5e FreeRTOS Source/source/tasks.o
 .text.uxTaskResetEventItemValue
                0x00000000       0x54 FreeRTOS Source/source/tasks.o
 .text.ulTaskNotifyTake
                0x00000000       0xfa FreeRTOS Source/source/tasks.o
 .text.xTaskNotifyWait
                0x00000000      0x14c FreeRTOS Source/source/tasks.o
 .text.xTaskGenericNotify
                0x00000000      0x1c2 FreeRTOS Source/source/tasks.o
 .text.xTaskGenericNotifyFromISR
                0x00000000      0x1f8 FreeRTOS Source/source/tasks.o
 .text.vTaskNotifyGiveFromISR
                0x00000000      0x11c FreeRTOS Source/source/tasks.o
 .text.xTaskNotifyStateClear
                0x00000000       0x64 FreeRTOS Source/source/tasks.o
 .text          0x00000000        0x0 FreeRTOS Source/source/timers.o
 .data          0x00000000        0x0 FreeRTOS Source/source/timers.o
 .bss           0x00000000        0x0 FreeRTOS Source/source/timers.o
 .debug_info    0x00000000       0x64 FreeRTOS Source/source/timers.o
 .debug_abbrev  0x00000000       0x26 FreeRTOS Source/source/timers.o
 .debug_aranges
                0x00000000       0x18 FreeRTOS Source/source/timers.o
 .debug_line    0x00000000       0x1a FreeRTOS Source/source/timers.o
 .debug_str     0x00000000      0x1a4 FreeRTOS Source/source/timers.o
 .comment       0x00000000       0x31 FreeRTOS Source/source/timers.o
 .text          0x00000000        0x0 main.o
 .data          0x00000000        0x0 main.o
 .bss           0x00000000        0x0 main.o
 .text          0x00000000        0x0 rs232atmega.o
 .data          0x00000000        0x0 rs232atmega.o
 .bss           0x00000000        0x0 rs232atmega.o
 .text.RS232_Finish
                0x00000000       0x1e rs232atmega.o
 .text.RS232_Read
                0x00000000       0x60 rs232atmega.o
 .text.RS232_SendNoEnd
                0x00000000       0x9a rs232atmega.o
 .text          0x00000000        0x0 sram.o
 .data          0x00000000        0x0 sram.o
 .bss           0x00000000        0x0 sram.o
 .text.SRAMsendinstr
                0x00000000       0xfe sram.o
 .text          0x00000000        0x0 utils_planif.o
 .data          0x00000000        0x0 utils_planif.o
 .bss           0x00000000        0x0 utils_planif.o
 .text          0x00000000        0x0 c:/program files (x86)/atmel/studio/7.0/toolchain/avr8/avr8-gnu-toolchain/bin/../lib/gcc/avr/5.4.0/../../../../avr/lib/avr5\libm.a(divsf3.o)
 .data          0x00000000        0x0 c:/program files (x86)/atmel/studio/7.0/toolchain/avr8/avr8-gnu-toolchain/bin/../lib/gcc/avr/5.4.0/../../../../avr/lib/avr5\libm.a(divsf3.o)
 .bss           0x00000000        0x0 c:/program files (x86)/atmel/studio/7.0/toolchain/avr8/avr8-gnu-toolchain/bin/../lib/gcc/avr/5.4.0/../../../../avr/lib/avr5\libm.a(divsf3.o)
 .text          0x00000000        0x0 c:/program files (x86)/atmel/studio/7.0/toolchain/avr8/avr8-gnu-toolchain/bin/../lib/gcc/avr/5.4.0/../../../../avr/lib/avr5\libm.a(divsf3x.o)
 .data          0x00000000        0x0 c:/program files (x86)/atmel/studio/7.0/toolchain/avr8/avr8-gnu-toolchain/bin/../lib/gcc/avr/5.4.0/../../../../avr/lib/avr5\libm.a(divsf3x.o)
 .bss           0x00000000        0x0 c:/program files (x86)/atmel/studio/7.0/toolchain/avr8/avr8-gnu-toolchain/bin/../lib/gcc/avr/5.4.0/../../../../avr/lib/avr5\libm.a(divsf3x.o)
 .text          0x00000000        0x0 c:/program files (x86)/atmel/studio/7.0/toolchain/avr8/avr8-gnu-toolchain/bin/../lib/gcc/avr/5.4.0/../../../../avr/lib/avr5\libm.a(fixsfsi.o)
 .data          0x00000000        0x0 c:/program files (x86)/atmel/studio/7.0/toolchain/avr8/avr8-gnu-toolchain/bin/../lib/gcc/avr/5.4.0/../../../../avr/lib/avr5\libm.a(fixsfsi.o)
 .bss           0x00000000        0x0 c:/program files (x86)/atmel/studio/7.0/toolchain/avr8/avr8-gnu-toolchain/bin/../lib/gcc/avr/5.4.0/../../../../avr/lib/avr5\libm.a(fixsfsi.o)
 .text          0x00000000        0x0 c:/program files (x86)/atmel/studio/7.0/toolchain/avr8/avr8-gnu-toolchain/bin/../lib/gcc/avr/5.4.0/../../../../avr/lib/avr5\libm.a(fixunssfsi.o)
 .data          0x00000000        0x0 c:/program files (x86)/atmel/studio/7.0/toolchain/avr8/avr8-gnu-toolchain/bin/../lib/gcc/avr/5.4.0/../../../../avr/lib/avr5\libm.a(fixunssfsi.o)
 .bss           0x00000000        0x0 c:/program files (x86)/atmel/studio/7.0/toolchain/avr8/avr8-gnu-toolchain/bin/../lib/gcc/avr/5.4.0/../../../../avr/lib/avr5\libm.a(fixunssfsi.o)
 .text          0x00000000        0x0 c:/program files (x86)/atmel/studio/7.0/toolchain/avr8/avr8-gnu-toolchain/bin/../lib/gcc/avr/5.4.0/../../../../avr/lib/avr5\libm.a(floatsisf.o)
 .data          0x00000000        0x0 c:/program files (x86)/atmel/studio/7.0/toolchain/avr8/avr8-gnu-toolchain/bin/../lib/gcc/avr/5.4.0/../../../../avr/lib/avr5\libm.a(floatsisf.o)
 .bss           0x00000000        0x0 c:/program files (x86)/atmel/studio/7.0/toolchain/avr8/avr8-gnu-toolchain/bin/../lib/gcc/avr/5.4.0/../../../../avr/lib/avr5\libm.a(floatsisf.o)
 .text          0x00000000        0x0 c:/program files (x86)/atmel/studio/7.0/toolchain/avr8/avr8-gnu-toolchain/bin/../lib/gcc/avr/5.4.0/../../../../avr/lib/avr5\libm.a(fp_inf.o)
 .data          0x00000000        0x0 c:/program files (x86)/atmel/studio/7.0/toolchain/avr8/avr8-gnu-toolchain/bin/../lib/gcc/avr/5.4.0/../../../../avr/lib/avr5\libm.a(fp_inf.o)
 .bss           0x00000000        0x0 c:/program files (x86)/atmel/studio/7.0/toolchain/avr8/avr8-gnu-toolchain/bin/../lib/gcc/avr/5.4.0/../../../../avr/lib/avr5\libm.a(fp_inf.o)
 .text          0x00000000        0x0 c:/program files (x86)/atmel/studio/7.0/toolchain/avr8/avr8-gnu-toolchain/bin/../lib/gcc/avr/5.4.0/../../../../avr/lib/avr5\libm.a(fp_nan.o)
 .data          0x00000000        0x0 c:/program files (x86)/atmel/studio/7.0/toolchain/avr8/avr8-gnu-toolchain/bin/../lib/gcc/avr/5.4.0/../../../../avr/lib/avr5\libm.a(fp_nan.o)
 .bss           0x00000000        0x0 c:/program files (x86)/atmel/studio/7.0/toolchain/avr8/avr8-gnu-toolchain/bin/../lib/gcc/avr/5.4.0/../../../../avr/lib/avr5\libm.a(fp_nan.o)
 .text          0x00000000        0x0 c:/program files (x86)/atmel/studio/7.0/toolchain/avr8/avr8-gnu-toolchain/bin/../lib/gcc/avr/5.4.0/../../../../avr/lib/avr5\libm.a(fp_pscA.o)
 .data          0x00000000        0x0 c:/program files (x86)/atmel/studio/7.0/toolchain/avr8/avr8-gnu-toolchain/bin/../lib/gcc/avr/5.4.0/../../../../avr/lib/avr5\libm.a(fp_pscA.o)
 .bss           0x00000000        0x0 c:/program files (x86)/atmel/studio/7.0/toolchain/avr8/avr8-gnu-toolchain/bin/../lib/gcc/avr/5.4.0/../../../../avr/lib/avr5\libm.a(fp_pscA.o)
 .text          0x00000000        0x0 c:/program files (x86)/atmel/studio/7.0/toolchain/avr8/avr8-gnu-toolchain/bin/../lib/gcc/avr/5.4.0/../../../../avr/lib/avr5\libm.a(fp_pscB.o)
 .data          0x00000000        0x0 c:/program files (x86)/atmel/studio/7.0/toolchain/avr8/avr8-gnu-toolchain/bin/../lib/gcc/avr/5.4.0/../../../../avr/lib/avr5\libm.a(fp_pscB.o)
 .bss           0x00000000        0x0 c:/program files (x86)/atmel/studio/7.0/toolchain/avr8/avr8-gnu-toolchain/bin/../lib/gcc/avr/5.4.0/../../../../avr/lib/avr5\libm.a(fp_pscB.o)
 .text          0x00000000        0x0 c:/program files (x86)/atmel/studio/7.0/toolchain/avr8/avr8-gnu-toolchain/bin/../lib/gcc/avr/5.4.0/../../../../avr/lib/avr5\libm.a(fp_round.o)
 .data          0x00000000        0x0 c:/program files (x86)/atmel/studio/7.0/toolchain/avr8/avr8-gnu-toolchain/bin/../lib/gcc/avr/5.4.0/../../../../avr/lib/avr5\libm.a(fp_round.o)
 .bss           0x00000000        0x0 c:/program files (x86)/atmel/studio/7.0/toolchain/avr8/avr8-gnu-toolchain/bin/../lib/gcc/avr/5.4.0/../../../../avr/lib/avr5\libm.a(fp_round.o)
 .text          0x00000000        0x0 c:/program files (x86)/atmel/studio/7.0/toolchain/avr8/avr8-gnu-toolchain/bin/../lib/gcc/avr/5.4.0/../../../../avr/lib/avr5\libm.a(fp_split3.o)
 .data          0x00000000        0x0 c:/program files (x86)/atmel/studio/7.0/toolchain/avr8/avr8-gnu-toolchain/bin/../lib/gcc/avr/5.4.0/../../../../avr/lib/avr5\libm.a(fp_split3.o)
 .bss           0x00000000        0x0 c:/program files (x86)/atmel/studio/7.0/toolchain/avr8/avr8-gnu-toolchain/bin/../lib/gcc/avr/5.4.0/../../../../avr/lib/avr5\libm.a(fp_split3.o)
 .text          0x00000000        0x0 c:/program files (x86)/atmel/studio/7.0/toolchain/avr8/avr8-gnu-toolchain/bin/../lib/gcc/avr/5.4.0/../../../../avr/lib/avr5\libm.a(fp_zero.o)
 .data          0x00000000        0x0 c:/program files (x86)/atmel/studio/7.0/toolchain/avr8/avr8-gnu-toolchain/bin/../lib/gcc/avr/5.4.0/../../../../avr/lib/avr5\libm.a(fp_zero.o)
 .bss           0x00000000        0x0 c:/program files (x86)/atmel/studio/7.0/toolchain/avr8/avr8-gnu-toolchain/bin/../lib/gcc/avr/5.4.0/../../../../avr/lib/avr5\libm.a(fp_zero.o)
 .text          0x00000000        0x0 c:/program files (x86)/atmel/studio/7.0/toolchain/avr8/avr8-gnu-toolchain/bin/../lib/gcc/avr/5.4.0/avr5\libgcc.a(_exit.o)
 .data          0x00000000        0x0 c:/program files (x86)/atmel/studio/7.0/toolchain/avr8/avr8-gnu-toolchain/bin/../lib/gcc/avr/5.4.0/avr5\libgcc.a(_exit.o)
 .bss           0x00000000        0x0 c:/program files (x86)/atmel/studio/7.0/toolchain/avr8/avr8-gnu-toolchain/bin/../lib/gcc/avr/5.4.0/avr5\libgcc.a(_exit.o)
 .text.libgcc.mul
                0x00000000        0x0 c:/program files (x86)/atmel/studio/7.0/toolchain/avr8/avr8-gnu-toolchain/bin/../lib/gcc/avr/5.4.0/avr5\libgcc.a(_exit.o)
 .text.libgcc.div
                0x00000000        0x0 c:/program files (x86)/atmel/studio/7.0/toolchain/avr8/avr8-gnu-toolchain/bin/../lib/gcc/avr/5.4.0/avr5\libgcc.a(_exit.o)
 .text.libgcc   0x00000000        0x0 c:/program files (x86)/atmel/studio/7.0/toolchain/avr8/avr8-gnu-toolchain/bin/../lib/gcc/avr/5.4.0/avr5\libgcc.a(_exit.o)
 .text.libgcc.prologue
                0x00000000        0x0 c:/program files (x86)/atmel/studio/7.0/toolchain/avr8/avr8-gnu-toolchain/bin/../lib/gcc/avr/5.4.0/avr5\libgcc.a(_exit.o)
 .text.libgcc.builtins
                0x00000000        0x0 c:/program files (x86)/atmel/studio/7.0/toolchain/avr8/avr8-gnu-toolchain/bin/../lib/gcc/avr/5.4.0/avr5\libgcc.a(_exit.o)
 .text.libgcc.fmul
                0x00000000        0x0 c:/program files (x86)/atmel/studio/7.0/toolchain/avr8/avr8-gnu-toolchain/bin/../lib/gcc/avr/5.4.0/avr5\libgcc.a(_exit.o)
 .text.libgcc.fixed
                0x00000000        0x0 c:/program files (x86)/atmel/studio/7.0/toolchain/avr8/avr8-gnu-toolchain/bin/../lib/gcc/avr/5.4.0/avr5\libgcc.a(_exit.o)
 .text          0x00000000        0x0 c:/program files (x86)/atmel/studio/7.0/toolchain/avr8/avr8-gnu-toolchain/bin/../lib/gcc/avr/5.4.0/avr5\libgcc.a(_copy_data.o)
 .data          0x00000000        0x0 c:/program files (x86)/atmel/studio/7.0/toolchain/avr8/avr8-gnu-toolchain/bin/../lib/gcc/avr/5.4.0/avr5\libgcc.a(_copy_data.o)
 .bss           0x00000000        0x0 c:/program files (x86)/atmel/studio/7.0/toolchain/avr8/avr8-gnu-toolchain/bin/../lib/gcc/avr/5.4.0/avr5\libgcc.a(_copy_data.o)
 .text.libgcc.mul
                0x00000000        0x0 c:/program files (x86)/atmel/studio/7.0/toolchain/avr8/avr8-gnu-toolchain/bin/../lib/gcc/avr/5.4.0/avr5\libgcc.a(_copy_data.o)
 .text.libgcc.div
                0x00000000        0x0 c:/program files (x86)/atmel/studio/7.0/toolchain/avr8/avr8-gnu-toolchain/bin/../lib/gcc/avr/5.4.0/avr5\libgcc.a(_copy_data.o)
 .text.libgcc   0x00000000        0x0 c:/program files (x86)/atmel/studio/7.0/toolchain/avr8/avr8-gnu-toolchain/bin/../lib/gcc/avr/5.4.0/avr5\libgcc.a(_copy_data.o)
 .text.libgcc.prologue
                0x00000000        0x0 c:/program files (x86)/atmel/studio/7.0/toolchain/avr8/avr8-gnu-toolchain/bin/../lib/gcc/avr/5.4.0/avr5\libgcc.a(_copy_data.o)
 .text.libgcc.builtins
                0x00000000        0x0 c:/program files (x86)/atmel/studio/7.0/toolchain/avr8/avr8-gnu-toolchain/bin/../lib/gcc/avr/5.4.0/avr5\libgcc.a(_copy_data.o)
 .text.libgcc.fmul
                0x00000000        0x0 c:/program files (x86)/atmel/studio/7.0/toolchain/avr8/avr8-gnu-toolchain/bin/../lib/gcc/avr/5.4.0/avr5\libgcc.a(_copy_data.o)
 .text.libgcc.fixed
                0x00000000        0x0 c:/program files (x86)/atmel/studio/7.0/toolchain/avr8/avr8-gnu-toolchain/bin/../lib/gcc/avr/5.4.0/avr5\libgcc.a(_copy_data.o)
 .text          0x00000000        0x0 c:/program files (x86)/atmel/studio/7.0/toolchain/avr8/avr8-gnu-toolchain/bin/../lib/gcc/avr/5.4.0/avr5\libgcc.a(_clear_bss.o)
 .data          0x00000000        0x0 c:/program files (x86)/atmel/studio/7.0/toolchain/avr8/avr8-gnu-toolchain/bin/../lib/gcc/avr/5.4.0/avr5\libgcc.a(_clear_bss.o)
 .bss           0x00000000        0x0 c:/program files (x86)/atmel/studio/7.0/toolchain/avr8/avr8-gnu-toolchain/bin/../lib/gcc/avr/5.4.0/avr5\libgcc.a(_clear_bss.o)
 .text.libgcc.mul
                0x00000000        0x0 c:/program files (x86)/atmel/studio/7.0/toolchain/avr8/avr8-gnu-toolchain/bin/../lib/gcc/avr/5.4.0/avr5\libgcc.a(_clear_bss.o)
 .text.libgcc.div
                0x00000000        0x0 c:/program files (x86)/atmel/studio/7.0/toolchain/avr8/avr8-gnu-toolchain/bin/../lib/gcc/avr/5.4.0/avr5\libgcc.a(_clear_bss.o)
 .text.libgcc   0x00000000        0x0 c:/program files (x86)/atmel/studio/7.0/toolchain/avr8/avr8-gnu-toolchain/bin/../lib/gcc/avr/5.4.0/avr5\libgcc.a(_clear_bss.o)
 .text.libgcc.prologue
                0x00000000        0x0 c:/program files (x86)/atmel/studio/7.0/toolchain/avr8/avr8-gnu-toolchain/bin/../lib/gcc/avr/5.4.0/avr5\libgcc.a(_clear_bss.o)
 .text.libgcc.builtins
                0x00000000        0x0 c:/program files (x86)/atmel/studio/7.0/toolchain/avr8/avr8-gnu-toolchain/bin/../lib/gcc/avr/5.4.0/avr5\libgcc.a(_clear_bss.o)
 .text.libgcc.fmul
                0x00000000        0x0 c:/program files (x86)/atmel/studio/7.0/toolchain/avr8/avr8-gnu-toolchain/bin/../lib/gcc/avr/5.4.0/avr5\libgcc.a(_clear_bss.o)
 .text.libgcc.fixed
                0x00000000        0x0 c:/program files (x86)/atmel/studio/7.0/toolchain/avr8/avr8-gnu-toolchain/bin/../lib/gcc/avr/5.4.0/avr5\libgcc.a(_clear_bss.o)
 .text          0x00000000        0x0 c:/program files (x86)/atmel/studio/7.0/toolchain/avr8/avr8-gnu-toolchain/bin/../lib/gcc/avr/5.4.0/../../../../avr/lib/avr5\libc.a(memcpy.o)
 .data          0x00000000        0x0 c:/program files (x86)/atmel/studio/7.0/toolchain/avr8/avr8-gnu-toolchain/bin/../lib/gcc/avr/5.4.0/../../../../avr/lib/avr5\libc.a(memcpy.o)
 .bss           0x00000000        0x0 c:/program files (x86)/atmel/studio/7.0/toolchain/avr8/avr8-gnu-toolchain/bin/../lib/gcc/avr/5.4.0/../../../../avr/lib/avr5\libc.a(memcpy.o)
 .text          0x00000000        0x0 c:/program files (x86)/atmel/studio/7.0/toolchain/avr8/avr8-gnu-toolchain/bin/../lib/gcc/avr/5.4.0/../../../../avr/lib/avr5\libc.a(memset.o)
 .data          0x00000000        0x0 c:/program files (x86)/atmel/studio/7.0/toolchain/avr8/avr8-gnu-toolchain/bin/../lib/gcc/avr/5.4.0/../../../../avr/lib/avr5\libc.a(memset.o)
 .bss           0x00000000        0x0 c:/program files (x86)/atmel/studio/7.0/toolchain/avr8/avr8-gnu-toolchain/bin/../lib/gcc/avr/5.4.0/../../../../avr/lib/avr5\libc.a(memset.o)
 .text          0x00000000        0x0 c:/program files (x86)/atmel/studio/7.0/toolchain/avr8/avr8-gnu-toolchain/bin/../lib/gcc/avr/5.4.0/../../../../avr/lib/avr5\libc.a(sprintf.o)
 .data          0x00000000        0x0 c:/program files (x86)/atmel/studio/7.0/toolchain/avr8/avr8-gnu-toolchain/bin/../lib/gcc/avr/5.4.0/../../../../avr/lib/avr5\libc.a(sprintf.o)
 .bss           0x00000000        0x0 c:/program files (x86)/atmel/studio/7.0/toolchain/avr8/avr8-gnu-toolchain/bin/../lib/gcc/avr/5.4.0/../../../../avr/lib/avr5\libc.a(sprintf.o)
 .text          0x00000000        0x0 c:/program files (x86)/atmel/studio/7.0/toolchain/avr8/avr8-gnu-toolchain/bin/../lib/gcc/avr/5.4.0/../../../../avr/lib/avr5\libc.a(vfprintf_std.o)
 .data          0x00000000        0x0 c:/program files (x86)/atmel/studio/7.0/toolchain/avr8/avr8-gnu-toolchain/bin/../lib/gcc/avr/5.4.0/../../../../avr/lib/avr5\libc.a(vfprintf_std.o)
 .bss           0x00000000        0x0 c:/program files (x86)/atmel/studio/7.0/toolchain/avr8/avr8-gnu-toolchain/bin/../lib/gcc/avr/5.4.0/../../../../avr/lib/avr5\libc.a(vfprintf_std.o)
 .text          0x00000000        0x0 c:/program files (x86)/atmel/studio/7.0/toolchain/avr8/avr8-gnu-toolchain/bin/../lib/gcc/avr/5.4.0/../../../../avr/lib/avr5\libc.a(strnlen_P.o)
 .data          0x00000000        0x0 c:/program files (x86)/atmel/studio/7.0/toolchain/avr8/avr8-gnu-toolchain/bin/../lib/gcc/avr/5.4.0/../../../../avr/lib/avr5\libc.a(strnlen_P.o)
 .bss           0x00000000        0x0 c:/program files (x86)/atmel/studio/7.0/toolchain/avr8/avr8-gnu-toolchain/bin/../lib/gcc/avr/5.4.0/../../../../avr/lib/avr5\libc.a(strnlen_P.o)
 .text          0x00000000        0x0 c:/program files (x86)/atmel/studio/7.0/toolchain/avr8/avr8-gnu-toolchain/bin/../lib/gcc/avr/5.4.0/../../../../avr/lib/avr5\libc.a(strnlen.o)
 .data          0x00000000        0x0 c:/program files (x86)/atmel/studio/7.0/toolchain/avr8/avr8-gnu-toolchain/bin/../lib/gcc/avr/5.4.0/../../../../avr/lib/avr5\libc.a(strnlen.o)
 .bss           0x00000000        0x0 c:/program files (x86)/atmel/studio/7.0/toolchain/avr8/avr8-gnu-toolchain/bin/../lib/gcc/avr/5.4.0/../../../../avr/lib/avr5\libc.a(strnlen.o)
 .text          0x00000000        0x0 c:/program files (x86)/atmel/studio/7.0/toolchain/avr8/avr8-gnu-toolchain/bin/../lib/gcc/avr/5.4.0/../../../../avr/lib/avr5\libc.a(fputc.o)
 .data          0x00000000        0x0 c:/program files (x86)/atmel/studio/7.0/toolchain/avr8/avr8-gnu-toolchain/bin/../lib/gcc/avr/5.4.0/../../../../avr/lib/avr5\libc.a(fputc.o)
 .bss           0x00000000        0x0 c:/program files (x86)/atmel/studio/7.0/toolchain/avr8/avr8-gnu-toolchain/bin/../lib/gcc/avr/5.4.0/../../../../avr/lib/avr5\libc.a(fputc.o)
 .text          0x00000000        0x0 c:/program files (x86)/atmel/studio/7.0/toolchain/avr8/avr8-gnu-toolchain/bin/../lib/gcc/avr/5.4.0/../../../../avr/lib/avr5\libc.a(ultoa_invert.o)
 .data          0x00000000        0x0 c:/program files (x86)/atmel/studio/7.0/toolchain/avr8/avr8-gnu-toolchain/bin/../lib/gcc/avr/5.4.0/../../../../avr/lib/avr5\libc.a(ultoa_invert.o)
 .bss           0x00000000        0x0 c:/program files (x86)/atmel/studio/7.0/toolchain/avr8/avr8-gnu-toolchain/bin/../lib/gcc/avr/5.4.0/../../../../avr/lib/avr5\libc.a(ultoa_invert.o)
 .text          0x00000000        0x0 c:/program files (x86)/atmel/studio/7.0/toolchain/avr8/avr8-gnu-toolchain/bin/../lib/gcc/avr/5.4.0/avr5\libgcc.a(_prologue.o)
 .data          0x00000000        0x0 c:/program files (x86)/atmel/studio/7.0/toolchain/avr8/avr8-gnu-toolchain/bin/../lib/gcc/avr/5.4.0/avr5\libgcc.a(_prologue.o)
 .bss           0x00000000        0x0 c:/program files (x86)/atmel/studio/7.0/toolchain/avr8/avr8-gnu-toolchain/bin/../lib/gcc/avr/5.4.0/avr5\libgcc.a(_prologue.o)
 .text.libgcc.mul
                0x00000000        0x0 c:/program files (x86)/atmel/studio/7.0/toolchain/avr8/avr8-gnu-toolchain/bin/../lib/gcc/avr/5.4.0/avr5\libgcc.a(_prologue.o)
 .text.libgcc.div
                0x00000000        0x0 c:/program files (x86)/atmel/studio/7.0/toolchain/avr8/avr8-gnu-toolchain/bin/../lib/gcc/avr/5.4.0/avr5\libgcc.a(_prologue.o)
 .text.libgcc   0x00000000        0x0 c:/program files (x86)/atmel/studio/7.0/toolchain/avr8/avr8-gnu-toolchain/bin/../lib/gcc/avr/5.4.0/avr5\libgcc.a(_prologue.o)
 .text.libgcc.builtins
                0x00000000        0x0 c:/program files (x86)/atmel/studio/7.0/toolchain/avr8/avr8-gnu-toolchain/bin/../lib/gcc/avr/5.4.0/avr5\libgcc.a(_prologue.o)
 .text.libgcc.fmul
                0x00000000        0x0 c:/program files (x86)/atmel/studio/7.0/toolchain/avr8/avr8-gnu-toolchain/bin/../lib/gcc/avr/5.4.0/avr5\libgcc.a(_prologue.o)
 .text.libgcc.fixed
                0x00000000        0x0 c:/program files (x86)/atmel/studio/7.0/toolchain/avr8/avr8-gnu-toolchain/bin/../lib/gcc/avr/5.4.0/avr5\libgcc.a(_prologue.o)
 .text          0x00000000        0x0 c:/program files (x86)/atmel/studio/7.0/toolchain/avr8/avr8-gnu-toolchain/bin/../lib/gcc/avr/5.4.0/avr5\libgcc.a(_epilogue.o)
 .data          0x00000000        0x0 c:/program files (x86)/atmel/studio/7.0/toolchain/avr8/avr8-gnu-toolchain/bin/../lib/gcc/avr/5.4.0/avr5\libgcc.a(_epilogue.o)
 .bss           0x00000000        0x0 c:/program files (x86)/atmel/studio/7.0/toolchain/avr8/avr8-gnu-toolchain/bin/../lib/gcc/avr/5.4.0/avr5\libgcc.a(_epilogue.o)
 .text.libgcc.mul
                0x00000000        0x0 c:/program files (x86)/atmel/studio/7.0/toolchain/avr8/avr8-gnu-toolchain/bin/../lib/gcc/avr/5.4.0/avr5\libgcc.a(_epilogue.o)
 .text.libgcc.div
                0x00000000        0x0 c:/program files (x86)/atmel/studio/7.0/toolchain/avr8/avr8-gnu-toolchain/bin/../lib/gcc/avr/5.4.0/avr5\libgcc.a(_epilogue.o)
 .text.libgcc   0x00000000        0x0 c:/program files (x86)/atmel/studio/7.0/toolchain/avr8/avr8-gnu-toolchain/bin/../lib/gcc/avr/5.4.0/avr5\libgcc.a(_epilogue.o)
 .text.libgcc.builtins
                0x00000000        0x0 c:/program files (x86)/atmel/studio/7.0/toolchain/avr8/avr8-gnu-toolchain/bin/../lib/gcc/avr/5.4.0/avr5\libgcc.a(_epilogue.o)
 .text.libgcc.fmul
                0x00000000        0x0 c:/program files (x86)/atmel/studio/7.0/toolchain/avr8/avr8-gnu-toolchain/bin/../lib/gcc/avr/5.4.0/avr5\libgcc.a(_epilogue.o)
 .text.libgcc.fixed
                0x00000000        0x0 c:/program files (x86)/atmel/studio/7.0/toolchain/avr8/avr8-gnu-toolchain/bin/../lib/gcc/avr/5.4.0/avr5\libgcc.a(_epilogue.o)

Memory Configuration

Name             Origin             Length             Attributes
text             0x00000000         0x00008000         xr
data             0x00800100         0x00000800         rw !x
eeprom           0x00810000         0x00000400         rw !x
fuse             0x00820000         0x00000003         rw !x
lock             0x00830000         0x00000400         rw !x
signature        0x00840000         0x00000400         rw !x
user_signatures  0x00850000         0x00000400         rw !x
*default*        0x00000000         0xffffffff

Linker script and memory map

Address of section .data set to 0x800100
LOAD c:/program files (x86)/atmel/studio/7.0/toolchain/avr8/avr8-gnu-toolchain/bin/../lib/gcc/avr/5.4.0/../../../../avr/lib/avr5/crtatmega328p.o
LOAD digital.o
LOAD FreeRTOS Source/source/croutine.o
LOAD FreeRTOS Source/source/event_groups.o
LOAD FreeRTOS Source/source/list.o
LOAD FreeRTOS Source/source/portable/heap_2.o
LOAD FreeRTOS Source/source/portable/port.o
LOAD FreeRTOS Source/source/queue.o
LOAD FreeRTOS Source/source/tasks.o
LOAD FreeRTOS Source/source/timers.o
LOAD main.o
LOAD rs232atmega.o
LOAD sram.o
LOAD utils_planif.o
START GROUP
LOAD c:/program files (x86)/atmel/studio/7.0/toolchain/avr8/avr8-gnu-toolchain/bin/../lib/gcc/avr/5.4.0/../../../../avr/lib/avr5\libm.a
END GROUP
START GROUP
LOAD c:/program files (x86)/atmel/studio/7.0/toolchain/avr8/avr8-gnu-toolchain/bin/../lib/gcc/avr/5.4.0/avr5\libgcc.a
LOAD c:/program files (x86)/atmel/studio/7.0/toolchain/avr8/avr8-gnu-toolchain/bin/../lib/gcc/avr/5.4.0/../../../../avr/lib/avr5\libm.a
LOAD c:/program files (x86)/atmel/studio/7.0/toolchain/avr8/avr8-gnu-toolchain/bin/../lib/gcc/avr/5.4.0/../../../../avr/lib/avr5\libc.a
LOAD c:/program files (x86)/atmel/studio/7.0/toolchain/avr8/avr8-gnu-toolchain/bin/../lib/gcc/avr/5.4.0/../../../../avr/lib/avr5\libatmega328p.a
END GROUP
                0x00000000                __TEXT_REGION_ORIGIN__ = DEFINED (__TEXT_REGION_ORIGIN__)?__TEXT_REGION_ORIGIN__:0x0
                [0x00800100]                __DATA_REGION_ORIGIN__ = DEFINED (__DATA_REGION_ORIGIN__)?__DATA_REGION_ORIGIN__:0x800060
                [0x00008000]                __TEXT_REGION_LENGTH__ = DEFINED (__TEXT_REGION_LENGTH__)?__TEXT_REGION_LENGTH__:0x20000
                [0x00000800]                __DATA_REGION_LENGTH__ = DEFINED (__DATA_REGION_LENGTH__)?__DATA_REGION_LENGTH__:0xffa0
                [0x00000400]                __EEPROM_REGION_LENGTH__ = DEFINED (__EEPROM_REGION_LENGTH__)?__EEPROM_REGION_LENGTH__:0x10000
                [0x00000003]                __FUSE_REGION_LENGTH__ = DEFINED (__FUSE_REGION_LENGTH__)?__FUSE_REGION_LENGTH__:0x400
                0x00000400                __LOCK_REGION_LENGTH__ = DEFINED (__LOCK_REGION_LENGTH__)?__LOCK_REGION_LENGTH__:0x400
                0x00000400                __SIGNATURE_REGION_LENGTH__ = DEFINED (__SIGNATURE_REGION_LENGTH__)?__SIGNATURE_REGION_LENGTH__:0x400
                0x00000400                __USER_SIGNATURE_REGION_LENGTH__ = DEFINED (__USER_SIGNATURE_REGION_LENGTH__)?__USER_SIGNATURE_REGION_LENGTH__:0x400

.hash
 *(.hash)

.dynsym
 *(.dynsym)

.dynstr
 *(.dynstr)

.gnu.version
 *(.gnu.version)

.gnu.version_d
 *(.gnu.version_d)

.gnu.version_r
 *(.gnu.version_r)

.rel.init
 *(.rel.init)

.rela.init
 *(.rela.init)

.rel.text
 *(.rel.text)
 *(.rel.text.*)
 *(.rel.gnu.linkonce.t*)

.rela.text
 *(.rela.text)
 *(.rela.text.*)
 *(.rela.gnu.linkonce.t*)

.rel.fini
 *(.rel.fini)

.rela.fini
 *(.rela.fini)

.rel.rodata
 *(.rel.rodata)
 *(.rel.rodata.*)
 *(.rel.gnu.linkonce.r*)

.rela.rodata
 *(.rela.rodata)
 *(.rela.rodata.*)
 *(.rela.gnu.linkonce.r*)

.rel.data
 *(.rel.data)
 *(.rel.data.*)
 *(.rel.gnu.linkonce.d*)

.rela.data
 *(.rela.data)
 *(.rela.data.*)
 *(.rela.gnu.linkonce.d*)

.rel.ctors
 *(.rel.ctors)

.rela.ctors
 *(.rela.ctors)

.rel.dtors
 *(.rel.dtors)

.rela.dtors
 *(.rela.dtors)

.rel.got
 *(.rel.got)

.rela.got
 *(.rela.got)

.rel.bss
 *(.rel.bss)

.rela.bss
 *(.rela.bss)

.rel.plt
 *(.rel.plt)

.rela.plt
 *(.rela.plt)

.text           0x00000000     0x3ec4
 *(.vectors)
 .vectors       0x00000000       0x68 c:/program files (x86)/atmel/studio/7.0/toolchain/avr8/avr8-gnu-toolchain/bin/../lib/gcc/avr/5.4.0/../../../../avr/lib/avr5/crtatmega328p.o
                0x00000000                __vector_default
                0x00000000                __vectors
 *(.vectors)
 *(.progmem.gcc*)
                0x00000068                . = ALIGN (0x2)
                0x00000068                __trampolines_start = .
 *(.trampolines)
 .trampolines   0x00000068        0x0 linker stubs
 *(.trampolines*)
                0x00000068                __trampolines_end = .
 *libprintf_flt.a:*(.progmem.data)
 *libc.a:*(.progmem.data)
 *(.progmem*)
                0x00000068                . = ALIGN (0x2)
 *(.jumptables)
 *(.jumptables*)
 *(.lowtext)
 *(.lowtext*)
                0x00000068                __ctors_start = .
 *(.ctors)
                0x00000068                __ctors_end = .
                0x00000068                __dtors_start = .
 *(.dtors)
                0x00000068                __dtors_end = .
 SORT(*)(.ctors)
 SORT(*)(.dtors)
 *(.init0)
 .init0         0x00000068        0x0 c:/program files (x86)/atmel/studio/7.0/toolchain/avr8/avr8-gnu-toolchain/bin/../lib/gcc/avr/5.4.0/../../../../avr/lib/avr5/crtatmega328p.o
                0x00000068                __init
 *(.init0)
 *(.init1)
 *(.init1)
 *(.init2)
 .init2         0x00000068        0xc c:/program files (x86)/atmel/studio/7.0/toolchain/avr8/avr8-gnu-toolchain/bin/../lib/gcc/avr/5.4.0/../../../../avr/lib/avr5/crtatmega328p.o
 *(.init2)
 *(.init3)
 *(.init3)
 *(.init4)
 .init4         0x00000074       0x16 c:/program files (x86)/atmel/studio/7.0/toolchain/avr8/avr8-gnu-toolchain/bin/../lib/gcc/avr/5.4.0/avr5\libgcc.a(_copy_data.o)
                0x00000074                __do_copy_data
 .init4         0x0000008a       0x10 c:/program files (x86)/atmel/studio/7.0/toolchain/avr8/avr8-gnu-toolchain/bin/../lib/gcc/avr/5.4.0/avr5\libgcc.a(_clear_bss.o)
                0x0000008a                __do_clear_bss
 *(.init4)
 *(.init5)
 *(.init5)
 *(.init6)
 *(.init6)
 *(.init7)
 *(.init7)
 *(.init8)
 *(.init8)
 *(.init9)
 .init9         0x0000009a        0x8 c:/program files (x86)/atmel/studio/7.0/toolchain/avr8/avr8-gnu-toolchain/bin/../lib/gcc/avr/5.4.0/../../../../avr/lib/avr5/crtatmega328p.o
 *(.init9)
 *(.text)
 .text          0x000000a2        0x4 c:/program files (x86)/atmel/studio/7.0/toolchain/avr8/avr8-gnu-toolchain/bin/../lib/gcc/avr/5.4.0/../../../../avr/lib/avr5/crtatmega328p.o
                0x000000a2                __vector_22
                0x000000a2                __vector_1
                0x000000a2                __vector_24
                0x000000a2                __vector_12
                0x000000a2                __bad_interrupt
                0x000000a2                __vector_6
                0x000000a2                __vector_3
                0x000000a2                __vector_23
                0x000000a2                __vector_25
                0x000000a2                __vector_13
                0x000000a2                __vector_17
                0x000000a2                __vector_19
                0x000000a2                __vector_7
                0x000000a2                __vector_5
                0x000000a2                __vector_4
                0x000000a2                __vector_9
                0x000000a2                __vector_2
                0x000000a2                __vector_21
                0x000000a2                __vector_15
                0x000000a2                __vector_8
                0x000000a2                __vector_14
                0x000000a2                __vector_10
                0x000000a2                __vector_16
                0x000000a2                __vector_20
                0x000000a6                . = ALIGN (0x2)
 *(.text.*)
 .text.DigitalInit
                0x000000a6       0xb2 digital.o
                0x000000a6                DigitalInit
 .text.DACWRdisable
                0x00000158       0x22 digital.o
                0x00000158                DACWRdisable
 .text.DACWRenable
                0x0000017a       0x22 digital.o
                0x0000017a                DACWRenable
 .text.DigitalWrite
                0x0000019c      0x1ca digital.o
                0x0000019c                DigitalWrite
 .text.vListInitialise
                0x00000366       0x6c FreeRTOS Source/source/list.o
                0x00000366                vListInitialise
 .text.vListInitialiseItem
                0x000003d2       0x24 FreeRTOS Source/source/list.o
                0x000003d2                vListInitialiseItem
 .text.vListInsertEnd
                0x000003f6       0x9e FreeRTOS Source/source/list.o
                0x000003f6                vListInsertEnd
 .text.vListInsert
                0x00000494       0xf0 FreeRTOS Source/source/list.o
                0x00000494                vListInsert
 .text.uxListRemove
                0x00000584       0xae FreeRTOS Source/source/list.o
                0x00000584                uxListRemove
 .text.pvPortMalloc
                0x00000632      0x1de FreeRTOS Source/source/portable/heap_2.o
                0x00000632                pvPortMalloc
 .text.vPortFree
                0x00000810       0xe4 FreeRTOS Source/source/portable/heap_2.o
                0x00000810                vPortFree
 .text.prvHeapInit
                0x000008f4       0x70 FreeRTOS Source/source/portable/heap_2.o
 .text.pxPortInitialiseStack
                0x00000964      0x352 FreeRTOS Source/source/portable/port.o
                0x00000964                pxPortInitialiseStack
 .text.xPortStartScheduler
                0x00000cb6       0x6a FreeRTOS Source/source/portable/port.o
                0x00000cb6                xPortStartScheduler
 .text.vPortYield
                0x00000d20       0xb4 FreeRTOS Source/source/portable/port.o
                0x00000d20                vPortYield
 .text.vPortYieldFromTick
                0x00000dd4       0xb8 FreeRTOS Source/source/portable/port.o
                0x00000dd4                vPortYieldFromTick
 .text.prvSetupTimerInterrupt
                0x00000e8c       0xae FreeRTOS Source/source/portable/port.o
 .text.__vector_11
                0x00000f3a        0x8 FreeRTOS Source/source/portable/port.o
                0x00000f3a                __vector_11
 .text.xQueueGenericReset
                0x00000f42      0x128 FreeRTOS Source/source/queue.o
                0x00000f42                xQueueGenericReset
 .text.xQueueGenericCreate
                0x0000106a       0x98 FreeRTOS Source/source/queue.o
                0x0000106a                xQueueGenericCreate
 .text.prvInitialiseNewQueue
                0x00001102       0x8a FreeRTOS Source/source/queue.o
 .text.xQueueGenericSend
                0x0000118c      0x162 FreeRTOS Source/source/queue.o
                0x0000118c                xQueueGenericSend
 .text.xQueueGenericReceive
                0x000012ee      0x1a8 FreeRTOS Source/source/queue.o
                0x000012ee                xQueueGenericReceive
 .text.prvCopyDataToQueue
                0x00001496      0x176 FreeRTOS Source/source/queue.o
 .text.prvCopyDataFromQueue
                0x0000160c       0xa2 FreeRTOS Source/source/queue.o
 .text.prvUnlockQueue
                0x000016ae       0xbc FreeRTOS Source/source/queue.o
 .text.prvIsQueueEmpty
                0x0000176a       0x3c FreeRTOS Source/source/queue.o
 .text.prvIsQueueFull
                0x000017a6       0x44 FreeRTOS Source/source/queue.o
 .text.xTaskCreate
                0x000017ea       0xfa FreeRTOS Source/source/tasks.o
                0x000017ea                xTaskCreate
 .text.prvInitialiseNewTask
                0x000018e4      0x1a6 FreeRTOS Source/source/tasks.o
 .text.prvAddNewTaskToReadyList
                0x00001a8a      0x108 FreeRTOS Source/source/tasks.o
 .text.vTaskDelayUntil
                0x00001b92       0xf4 FreeRTOS Source/source/tasks.o
                0x00001b92                vTaskDelayUntil
 .text.vTaskPrioritySet
                0x00001c86      0x182 FreeRTOS Source/source/tasks.o
                0x00001c86                vTaskPrioritySet
 .text.vTaskStartScheduler
                0x00001e08       0x6a FreeRTOS Source/source/tasks.o
                0x00001e08                vTaskStartScheduler
 .text.vTaskSuspendAll
                0x00001e72       0x1a FreeRTOS Source/source/tasks.o
                0x00001e72                vTaskSuspendAll
 .text.xTaskResumeAll
                0x00001e8c      0x12e FreeRTOS Source/source/tasks.o
                0x00001e8c                xTaskResumeAll
 .text.xTaskGetTickCount
                0x00001fba       0x2e FreeRTOS Source/source/tasks.o
                0x00001fba                xTaskGetTickCount
 .text.xTaskIncrementTick
                0x00001fe8      0x1da FreeRTOS Source/source/tasks.o
                0x00001fe8                xTaskIncrementTick
 .text.vTaskSetApplicationTaskTag
                0x000021c2       0x60 FreeRTOS Source/source/tasks.o
                0x000021c2                vTaskSetApplicationTaskTag
 .text.vTaskSwitchContext
                0x00002222      0x10a FreeRTOS Source/source/tasks.o
                0x00002222                vTaskSwitchContext
 .text.vTaskPlaceOnEventList
                0x0000232c       0x46 FreeRTOS Source/source/tasks.o
                0x0000232c                vTaskPlaceOnEventList
 .text.xTaskRemoveFromEventList
                0x00002372       0xda FreeRTOS Source/source/tasks.o
                0x00002372                xTaskRemoveFromEventList
 .text.vTaskSetTimeOutState
                0x0000244c       0x38 FreeRTOS Source/source/tasks.o
                0x0000244c                vTaskSetTimeOutState
 .text.xTaskCheckForTimeOut
                0x00002484       0xd0 FreeRTOS Source/source/tasks.o
                0x00002484                xTaskCheckForTimeOut
 .text.vTaskMissedYield
                0x00002554       0x16 FreeRTOS Source/source/tasks.o
                0x00002554                vTaskMissedYield
 .text.prvIdleTask
                0x0000256a       0x20 FreeRTOS Source/source/tasks.o
 .text.prvInitialiseTaskLists
                0x0000258a       0x74 FreeRTOS Source/source/tasks.o
 .text.prvCheckTasksWaitingTermination
                0x000025fe       0x10 FreeRTOS Source/source/tasks.o
 .text.prvResetNextTaskUnblockTime
                0x0000260e       0x5e FreeRTOS Source/source/tasks.o
 .text.prvAddCurrentTaskToDelayedList
                0x0000266c       0xd0 FreeRTOS Source/source/tasks.o
 .text.main     0x0000273c       0xf2 main.o
                0x0000273c                main
 .text.T1_func  0x0000282e       0xb6 main.o
 .text.T2_func  0x000028e4       0xb6 main.o
 .text.T3_func  0x0000299a       0xb6 main.o
 .text.T4_func  0x00002a50      0x2f2 main.o
 .text.__vector_18
                0x00002d42      0x11a rs232atmega.o
                0x00002d42                __vector_18
 .text.RS232_PrepareToRead
                0x00002e5c       0x3a rs232atmega.o
 .text.RS232_Init
                0x00002e96       0xb8 rs232atmega.o
                0x00002e96                RS232_Init
 .text.RS232_Send
                0x00002f4e       0xa4 rs232atmega.o
                0x00002f4e                RS232_Send
 .text.SRAMinitiate
                0x00002ff2       0x86 sram.o
                0x00002ff2                SRAMinitiate
 .text.SRAMwriteblock
                0x00003078       0xe0 sram.o
                0x00003078                SRAMwriteblock
 .text.SRAMreadblock
                0x00003158       0xec sram.o
                0x00003158                SRAMreadblock
 .text.my_trace
                0x00003244      0x342 utils_planif.o
                0x00003244                my_trace
 .text.consumeCPU
                0x00003586       0xb2 utils_planif.o
                0x00003586                consumeCPU
 .text.InitHW   0x00003638       0x28 utils_planif.o
                0x00003638                InitHW
 .text.avr-libc.fplib
                0x00003660        0x8 c:/program files (x86)/atmel/studio/7.0/toolchain/avr8/avr8-gnu-toolchain/bin/../lib/gcc/avr/5.4.0/../../../../avr/lib/avr5\libm.a(divsf3.o)
                0x00003660                __divsf3
 .text.avr-libc.fplib
                0x00003668       0xdc c:/program files (x86)/atmel/studio/7.0/toolchain/avr8/avr8-gnu-toolchain/bin/../lib/gcc/avr/5.4.0/../../../../avr/lib/avr5\libm.a(divsf3x.o)
                0x00003688                __divsf3x
                0x0000368e                __divsf3_pse
 .text.avr-libc.fplib
                0x00003744        0xe c:/program files (x86)/atmel/studio/7.0/toolchain/avr8/avr8-gnu-toolchain/bin/../lib/gcc/avr/5.4.0/../../../../avr/lib/avr5\libm.a(fixsfsi.o)
                0x00003744                __fixsfsi
 .text.avr-libc.fplib
                0x00003752       0x5e c:/program files (x86)/atmel/studio/7.0/toolchain/avr8/avr8-gnu-toolchain/bin/../lib/gcc/avr/5.4.0/../../../../avr/lib/avr5\libm.a(fixunssfsi.o)
                0x00003752                __fixunssfsi
 .text.avr-libc.fplib
                0x000037b0       0x7a c:/program files (x86)/atmel/studio/7.0/toolchain/avr8/avr8-gnu-toolchain/bin/../lib/gcc/avr/5.4.0/../../../../avr/lib/avr5\libm.a(floatsisf.o)
                0x000037b0                __floatunsisf
                0x000037b4                __floatsisf
 .text.avr-libc.fplib
                0x0000382a        0xc c:/program files (x86)/atmel/studio/7.0/toolchain/avr8/avr8-gnu-toolchain/bin/../lib/gcc/avr/5.4.0/../../../../avr/lib/avr5\libm.a(fp_inf.o)
                0x0000382a                __fp_inf
 .text.avr-libc.fplib
                0x00003836        0x6 c:/program files (x86)/atmel/studio/7.0/toolchain/avr8/avr8-gnu-toolchain/bin/../lib/gcc/avr/5.4.0/../../../../avr/lib/avr5\libm.a(fp_nan.o)
                0x00003836                __fp_nan
 .text.avr-libc.fplib
                0x0000383c        0xe c:/program files (x86)/atmel/studio/7.0/toolchain/avr8/avr8-gnu-toolchain/bin/../lib/gcc/avr/5.4.0/../../../../avr/lib/avr5\libm.a(fp_pscA.o)
                0x0000383c                __fp_pscA
 .text.avr-libc.fplib
                0x0000384a        0xe c:/program files (x86)/atmel/studio/7.0/toolchain/avr8/avr8-gnu-toolchain/bin/../lib/gcc/avr/5.4.0/../../../../avr/lib/avr5\libm.a(fp_pscB.o)
                0x0000384a                __fp_pscB
 .text.avr-libc.fplib
                0x00003858       0x22 c:/program files (x86)/atmel/studio/7.0/toolchain/avr8/avr8-gnu-toolchain/bin/../lib/gcc/avr/5.4.0/../../../../avr/lib/avr5\libm.a(fp_round.o)
                0x00003858                __fp_round
 .text.avr-libc.fplib
                0x0000387a       0x44 c:/program files (x86)/atmel/studio/7.0/toolchain/avr8/avr8-gnu-toolchain/bin/../lib/gcc/avr/5.4.0/../../../../avr/lib/avr5\libm.a(fp_split3.o)
                0x0000387a                __fp_split3
                0x0000388a                __fp_splitA
 .text.avr-libc.fplib
                0x000038be        0xe c:/program files (x86)/atmel/studio/7.0/toolchain/avr8/avr8-gnu-toolchain/bin/../lib/gcc/avr/5.4.0/../../../../avr/lib/avr5\libm.a(fp_zero.o)
                0x000038be                __fp_zero
                0x000038c0                __fp_szero
 .text.avr-libc
                0x000038cc       0x12 c:/program files (x86)/atmel/studio/7.0/toolchain/avr8/avr8-gnu-toolchain/bin/../lib/gcc/avr/5.4.0/../../../../avr/lib/avr5\libc.a(memcpy.o)
                0x000038cc                memcpy
 .text.avr-libc
                0x000038de        0xe c:/program files (x86)/atmel/studio/7.0/toolchain/avr8/avr8-gnu-toolchain/bin/../lib/gcc/avr/5.4.0/../../../../avr/lib/avr5\libc.a(memset.o)
                0x000038de                memset
 .text.avr-libc
                0x000038ec       0x44 c:/program files (x86)/atmel/studio/7.0/toolchain/avr8/avr8-gnu-toolchain/bin/../lib/gcc/avr/5.4.0/../../../../avr/lib/avr5\libc.a(sprintf.o)
                0x000038ec                sprintf
 .text.avr-libc
                0x00003930      0x3c2 c:/program files (x86)/atmel/studio/7.0/toolchain/avr8/avr8-gnu-toolchain/bin/../lib/gcc/avr/5.4.0/../../../../avr/lib/avr5\libc.a(vfprintf_std.o)
                0x00003930                vfprintf
 .text.avr-libc
                0x00003cf2       0x16 c:/program files (x86)/atmel/studio/7.0/toolchain/avr8/avr8-gnu-toolchain/bin/../lib/gcc/avr/5.4.0/../../../../avr/lib/avr5\libc.a(strnlen_P.o)
                0x00003cf2                strnlen_P
 .text.avr-libc
                0x00003d08       0x16 c:/program files (x86)/atmel/studio/7.0/toolchain/avr8/avr8-gnu-toolchain/bin/../lib/gcc/avr/5.4.0/../../../../avr/lib/avr5\libc.a(strnlen.o)
                0x00003d08                strnlen
 .text.avr-libc
                0x00003d1e       0x78 c:/program files (x86)/atmel/studio/7.0/toolchain/avr8/avr8-gnu-toolchain/bin/../lib/gcc/avr/5.4.0/../../../../avr/lib/avr5\libc.a(fputc.o)
                0x00003d1e                fputc
 .text.avr-libc
                0x00003d96       0xbc c:/program files (x86)/atmel/studio/7.0/toolchain/avr8/avr8-gnu-toolchain/bin/../lib/gcc/avr/5.4.0/../../../../avr/lib/avr5\libc.a(ultoa_invert.o)
                0x00003d96                __ultoa_invert
 .text.libgcc.prologue
                0x00003e52       0x38 c:/program files (x86)/atmel/studio/7.0/toolchain/avr8/avr8-gnu-toolchain/bin/../lib/gcc/avr/5.4.0/avr5\libgcc.a(_prologue.o)
                0x00003e52                __prologue_saves__
 .text.libgcc.prologue
                0x00003e8a       0x36 c:/program files (x86)/atmel/studio/7.0/toolchain/avr8/avr8-gnu-toolchain/bin/../lib/gcc/avr/5.4.0/avr5\libgcc.a(_epilogue.o)
                0x00003e8a                __epilogue_restores__
                0x00003ec0                . = ALIGN (0x2)
 *(.fini9)
 .fini9         0x00003ec0        0x0 c:/program files (x86)/atmel/studio/7.0/toolchain/avr8/avr8-gnu-toolchain/bin/../lib/gcc/avr/5.4.0/avr5\libgcc.a(_exit.o)
                0x00003ec0                _exit
                0x00003ec0                exit
 *(.fini9)
 *(.fini8)
 *(.fini8)
 *(.fini7)
 *(.fini7)
 *(.fini6)
 *(.fini6)
 *(.fini5)
 *(.fini5)
 *(.fini4)
 *(.fini4)
 *(.fini3)
 *(.fini3)
 *(.fini2)
 *(.fini2)
 *(.fini1)
 *(.fini1)
 *(.fini0)
 .fini0         0x00003ec0        0x4 c:/program files (x86)/atmel/studio/7.0/toolchain/avr8/avr8-gnu-toolchain/bin/../lib/gcc/avr/5.4.0/avr5\libgcc.a(_exit.o)
 *(.fini0)
                0x00003ec4                _etext = .

.data           0x00800100       0x60 load address 0x00003ec4
                0x00800100                PROVIDE (__data_start, .)
 *(.data)
 *(.data*)
 .data.xFreeBytesRemaining
                0x00800100        0x2 FreeRTOS Source/source/portable/heap_2.o
 .data.num_tasks
                0x00800102        0x1 main.o
                0x00800102                num_tasks
 .data.taskPeriod
                0x00800103        0x6 main.o
                0x00800103                taskPeriod
 .data.computationTime
                0x00800109        0x6 main.o
                0x00800109                computationTime
 .data.edfPeriod
                0x0080010f        0x1 main.o
                0x0080010f                edfPeriod
 .data.rs232bufferstate
                0x00800110        0x1 rs232atmega.o
 *(.gnu.linkonce.d*)
 *(.rodata)
 .rodata        0x00800111        0x5 FreeRTOS Source/source/tasks.o
 .rodata        0x00800116        0xc main.o
 .rodata        0x00800122       0x3e utils_planif.o
 *(.rodata*)
 *(.gnu.linkonce.r*)
                0x00800160                . = ALIGN (0x2)
                0x00800160                _edata = .
                0x00800160                PROVIDE (__data_end, .)

.bss            0x00800160      0x669
                0x00800160                PROVIDE (__bss_start, .)
 *(.bss)
 *(.bss*)
 .bss.ucHeap    0x00800160      0x5dc FreeRTOS Source/source/portable/heap_2.o
 .bss.xStart    0x0080073c        0x4 FreeRTOS Source/source/portable/heap_2.o
 .bss.xEnd      0x00800740        0x4 FreeRTOS Source/source/portable/heap_2.o
 .bss.xHeapHasBeenInitialised.2345
                0x00800744        0x1 FreeRTOS Source/source/portable/heap_2.o
 .bss.pxCurrentTCB
                0x00800745        0x2 FreeRTOS Source/source/tasks.o
                0x00800745                pxCurrentTCB
 .bss.pxReadyTasksLists
                0x00800747       0x24 FreeRTOS Source/source/tasks.o
 .bss.xDelayedTaskList1
                0x0080076b        0x9 FreeRTOS Source/source/tasks.o
 .bss.xDelayedTaskList2
                0x00800774        0x9 FreeRTOS Source/source/tasks.o
 .bss.pxDelayedTaskList
                0x0080077d        0x2 FreeRTOS Source/source/tasks.o
 .bss.pxOverflowDelayedTaskList
                0x0080077f        0x2 FreeRTOS Source/source/tasks.o
 .bss.xPendingReadyList
                0x00800781        0x9 FreeRTOS Source/source/tasks.o
 .bss.uxCurrentNumberOfTasks
                0x0080078a        0x1 FreeRTOS Source/source/tasks.o
 .bss.xTickCount
                0x0080078b        0x2 FreeRTOS Source/source/tasks.o
 .bss.uxTopReadyPriority
                0x0080078d        0x1 FreeRTOS Source/source/tasks.o
 .bss.xSchedulerRunning
                0x0080078e        0x1 FreeRTOS Source/source/tasks.o
 .bss.uxPendedTicks
                0x0080078f        0x1 FreeRTOS Source/source/tasks.o
 .bss.xYieldPending
                0x00800790        0x1 FreeRTOS Source/source/tasks.o
 .bss.xNumOfOverflows
                0x00800791        0x1 FreeRTOS Source/source/tasks.o
 .bss.uxTaskNumber
                0x00800792        0x1 FreeRTOS Source/source/tasks.o
 .bss.xNextTaskUnblockTime
                0x00800793        0x2 FreeRTOS Source/source/tasks.o
 .bss.xIdleTaskHandle
                0x00800795        0x2 FreeRTOS Source/source/tasks.o
 .bss.uxSchedulerSuspended
                0x00800797        0x1 FreeRTOS Source/source/tasks.o
 .bss.start     0x00800798        0x6 main.o
                0x00800798                start
 .bss.rs232buffer
                0x0080079e        0x2 rs232atmega.o
 .bss.rs232buffersize
                0x008007a0        0x1 rs232atmega.o
 .bss.rs232bufferpos
                0x008007a1        0x1 rs232atmega.o
 .bss.rs232endchar
                0x008007a2        0x1 rs232atmega.o
 .bss.rs232inputreport
                0x008007a3        0x4 rs232atmega.o
 .bss.mem_pointer.2350
                0x008007a7        0x2 utils_planif.o
 *(COMMON)
 COMMON         0x008007a9        0x8 main.o
                0x008007a9                xSemaphore
                0x008007ab                tasklist
 COMMON         0x008007b1       0x18 utils_planif.o
                0x008007b1                trama
                0x008007c1                ev
                0x008007c9                PROVIDE (__bss_end, .)
                0x00003ec4                __data_load_start = LOADADDR (.data)
                0x00003f24                __data_load_end = (__data_load_start + SIZEOF (.data))

.noinit         0x008007c9        0x0
                [!provide]                PROVIDE (__noinit_start, .)
 *(.noinit*)
                [!provide]                PROVIDE (__noinit_end, .)
                0x008007c9                _end = .
                [!provide]                PROVIDE (__heap_start, .)

.eeprom         0x00810000        0x0
 *(.eeprom*)
                0x00810000                __eeprom_end = .

.fuse
 *(.fuse)
 *(.lfuse)
 *(.hfuse)
 *(.efuse)

.lock
 *(.lock*)

.signature
 *(.signature*)

.user_signatures
 *(.user_signatures*)

.stab
 *(.stab)

.stabstr
 *(.stabstr)

.stab.excl
 *(.stab.excl)

.stab.exclstr
 *(.stab.exclstr)

.stab.index
 *(.stab.index)

.stab.indexstr
 *(.stab.indexstr)

.comment        0x00000000       0x5c
 *(.comment)
 .comment       0x00000000       0x30 digital.o
                                 0x31 (size before relaxing)
 .comment       0x00000030       0x31 FreeRTOS Source/source/list.o
 .comment       0x00000030       0x31 FreeRTOS Source/source/portable/heap_2.o
 .comment       0x00000030       0x31 FreeRTOS Source/source/portable/port.o
 .comment       0x00000030       0x31 FreeRTOS Source/source/queue.o
 .comment       0x00000030       0x31 FreeRTOS Source/source/tasks.o
 .comment       0x00000030       0x31 main.o
 .comment       0x00000030       0x31 rs232atmega.o
 .comment       0x00000030       0x31 sram.o
 .comment       0x00000030       0x31 utils_planif.o
 .comment       0x00000030       0x31 c:/program files (x86)/atmel/studio/7.0/toolchain/avr8/avr8-gnu-toolchain/bin/../lib/gcc/avr/5.4.0/../../../../avr/lib/avr5\libc.a(sprintf.o)
 .comment       0x00000030       0x2c c:/program files (x86)/atmel/studio/7.0/toolchain/avr8/avr8-gnu-toolchain/bin/../lib/gcc/avr/5.4.0/../../../../avr/lib/avr5\libc.a(vfprintf_std.o)
                                 0x2d (size before relaxing)
 .comment       0x0000005c       0x31 c:/program files (x86)/atmel/studio/7.0/toolchain/avr8/avr8-gnu-toolchain/bin/../lib/gcc/avr/5.4.0/../../../../avr/lib/avr5\libc.a(fputc.o)

.note.gnu.avr.deviceinfo
                0x00000000       0x40
 .note.gnu.avr.deviceinfo
                0x00000000       0x40 c:/program files (x86)/atmel/studio/7.0/toolchain/avr8/avr8-gnu-toolchain/bin/../lib/gcc/avr/5.4.0/../../../../avr/lib/avr5/crtatmega328p.o

.note.gnu.build-id
 *(.note.gnu.build-id)

.debug
 *(.debug)

.line
 *(.line)

.debug_srcinfo
 *(.debug_srcinfo)

.debug_sfnames
 *(.debug_sfnames)

.debug_aranges  0x00000000      0x4a0
 *(.debug_aranges)
 .debug_aranges
                0x00000000       0x50 digital.o
 .debug_aranges
                0x00000050       0x40 FreeRTOS Source/source/list.o
 .debug_aranges
                0x00000090       0x40 FreeRTOS Source/source/portable/heap_2.o
 .debug_aranges
                0x000000d0       0x50 FreeRTOS Source/source/portable/port.o
 .debug_aranges
                0x00000120      0x108 FreeRTOS Source/source/queue.o
 .debug_aranges
                0x00000228      0x180 FreeRTOS Source/source/tasks.o
 .debug_aranges
                0x000003a8       0x40 main.o
 .debug_aranges
                0x000003e8       0x50 rs232atmega.o
 .debug_aranges
                0x00000438       0x38 sram.o
 .debug_aranges
                0x00000470       0x30 utils_planif.o

.debug_pubnames
 *(.debug_pubnames)

.debug_info     0x00000000     0x3be6
 *(.debug_info .gnu.linkonce.wi.*)
 .debug_info    0x00000000      0x5f4 c:/program files (x86)/atmel/studio/7.0/toolchain/avr8/avr8-gnu-toolchain/bin/../lib/gcc/avr/5.4.0/../../../../avr/lib/avr5/crtatmega328p.o
 .debug_info    0x000005f4      0x150 digital.o
 .debug_info    0x00000744      0x2b7 FreeRTOS Source/source/list.o
 .debug_info    0x000009fb      0x2cd FreeRTOS Source/source/portable/heap_2.o
 .debug_info    0x00000cc8      0x1cf FreeRTOS Source/source/portable/port.o
 .debug_info    0x00000e97      0xe88 FreeRTOS Source/source/queue.o
 .debug_info    0x00001d1f     0x14d4 FreeRTOS Source/source/tasks.o
 .debug_info    0x000031f3      0x384 main.o
 .debug_info    0x00003577      0x2b9 rs232atmega.o
 .debug_info    0x00003830      0x179 sram.o
 .debug_info    0x000039a9      0x23d utils_planif.o

.debug_abbrev   0x00000000     0x1149
 *(.debug_abbrev)
 .debug_abbrev  0x00000000      0x5a2 c:/program files (x86)/atmel/studio/7.0/toolchain/avr8/avr8-gnu-toolchain/bin/../lib/gcc/avr/5.4.0/../../../../avr/lib/avr5/crtatmega328p.o
 .debug_abbrev  0x000005a2       0xb2 digital.o
 .debug_abbrev  0x00000654       0xc0 FreeRTOS Source/source/list.o
 .debug_abbrev  0x00000714      0x154 FreeRTOS Source/source/portable/heap_2.o
 .debug_abbrev  0x00000868      0x104 FreeRTOS Source/source/portable/port.o
 .debug_abbrev  0x0000096c      0x1bf FreeRTOS Source/source/queue.o
 .debug_abbrev  0x00000b2b      0x267 FreeRTOS Source/source/tasks.o
 .debug_abbrev  0x00000d92       0xe1 main.o
 .debug_abbrev  0x00000e73      0x122 rs232atmega.o
 .debug_abbrev  0x00000f95       0xb1 sram.o
 .debug_abbrev  0x00001046      0x103 utils_planif.o

.debug_line     0x00000000     0x356d
 *(.debug_line .debug_line.* .debug_line_end)
 .debug_line    0x00000000       0x1a c:/program files (x86)/atmel/studio/7.0/toolchain/avr8/avr8-gnu-toolchain/bin/../lib/gcc/avr/5.4.0/../../../../avr/lib/avr5/crtatmega328p.o
 .debug_line    0x0000001a      0x24e digital.o
 .debug_line    0x00000268      0x217 FreeRTOS Source/source/list.o
 .debug_line    0x0000047f      0x314 FreeRTOS Source/source/portable/heap_2.o
 .debug_line    0x00000793      0x3fe FreeRTOS Source/source/portable/port.o
 .debug_line    0x00000b91      0xc4d FreeRTOS Source/source/queue.o
 .debug_line    0x000017de     0x1225 FreeRTOS Source/source/tasks.o
 .debug_line    0x00002a03      0x33c main.o
 .debug_line    0x00002d3f      0x35a rs232atmega.o
 .debug_line    0x00003099      0x210 sram.o
 .debug_line    0x000032a9      0x2c4 utils_planif.o

.debug_frame    0x00000000     0x10ac
 *(.debug_frame)
 .debug_frame   0x00000000       0xf4 digital.o
 .debug_frame   0x000000f4       0xb4 FreeRTOS Source/source/list.o
 .debug_frame   0x000001a8       0xb4 FreeRTOS Source/source/portable/heap_2.o
 .debug_frame   0x0000025c       0xc4 FreeRTOS Source/source/portable/port.o
 .debug_frame   0x00000320      0x3ec FreeRTOS Source/source/queue.o
 .debug_frame   0x0000070c      0x664 FreeRTOS Source/source/tasks.o
 .debug_frame   0x00000d70       0xd8 main.o
 .debug_frame   0x00000e48      0x11c rs232atmega.o
 .debug_frame   0x00000f64       0xd4 sram.o
 .debug_frame   0x00001038       0x74 utils_planif.o

.debug_str      0x00000000     0x19ec
 *(.debug_str)
 .debug_str     0x00000000      0x208 c:/program files (x86)/atmel/studio/7.0/toolchain/avr8/avr8-gnu-toolchain/bin/../lib/gcc/avr/5.4.0/../../../../avr/lib/avr5/crtatmega328p.o
 .debug_str     0x00000208      0x1c5 digital.o
                                0x1fe (size before relaxing)
 .debug_str     0x000003cd      0x167 FreeRTOS Source/source/list.o
                                0x2ea (size before relaxing)
 .debug_str     0x00000534      0x170 FreeRTOS Source/source/portable/heap_2.o
                                0x318 (size before relaxing)
 .debug_str     0x000006a4      0x10d FreeRTOS Source/source/portable/port.o
                                0x2b5 (size before relaxing)
 .debug_str     0x000007b1      0x504 FreeRTOS Source/source/queue.o
                                0x791 (size before relaxing)
 .debug_str     0x00000cb5      0xa35 FreeRTOS Source/source/tasks.o
                                0xd87 (size before relaxing)
 .debug_str     0x000016ea       0xaa main.o
                                0x28c (size before relaxing)
 .debug_str     0x00001794      0x179 rs232atmega.o
                                0x301 (size before relaxing)
 .debug_str     0x0000190d       0x6a sram.o
                                0x1f6 (size before relaxing)
 .debug_str     0x00001977       0x75 utils_planif.o
                                0x24d (size before relaxing)

.debug_loc      0x00000000     0x226d
 *(.debug_loc)
 .debug_loc     0x00000000      0x1aa digital.o
 .debug_loc     0x000001aa      0x167 FreeRTOS Source/source/list.o
 .debug_loc     0x00000311      0x14c FreeRTOS Source/source/portable/heap_2.o
 .debug_loc     0x0000045d      0x105 FreeRTOS Source/source/portable/port.o
 .debug_loc     0x00000562      0x897 FreeRTOS Source/source/queue.o
 .debug_loc     0x00000df9      0xe02 FreeRTOS Source/source/tasks.o
 .debug_loc     0x00001bfb      0x1c2 main.o
 .debug_loc     0x00001dbd      0x239 rs232atmega.o
 .debug_loc     0x00001ff6      0x1ae sram.o
 .debug_loc     0x000021a4       0xc9 utils_planif.o

.debug_macinfo
 *(.debug_macinfo)

.debug_weaknames
 *(.debug_weaknames)

.debug_funcnames
 *(.debug_funcnames)

.debug_typenames
 *(.debug_typenames)

.debug_varnames
 *(.debug_varnames)

.debug_pubtypes
 *(.debug_pubtypes)

.debug_ranges   0x00000000      0x400
 *(.debug_ranges)
 .debug_ranges  0x00000000       0x40 digital.o
 .debug_ranges  0x00000040       0x30 FreeRTOS Source/source/list.o
 .debug_ranges  0x00000070       0x30 FreeRTOS Source/source/portable/heap_2.o
 .debug_ranges  0x000000a0       0x40 FreeRTOS Source/source/portable/port.o
 .debug_ranges  0x000000e0       0xf8 FreeRTOS Source/source/queue.o
 .debug_ranges  0x000001d8      0x170 FreeRTOS Source/source/tasks.o
 .debug_ranges  0x00000348       0x30 main.o
 .debug_ranges  0x00000378       0x40 rs232atmega.o
 .debug_ranges  0x000003b8       0x28 sram.o
 .debug_ranges  0x000003e0       0x20 utils_planif.o

.debug_macro
 *(.debug_macro)
OUTPUT(TestFreeRTOS.elf elf32-avr)
LOAD linker stubs
